Archive member included to satisfy reference by file (symbol)

/opt/st/stm32cubeide_1.18.1/plugins/com.st.stm32cube.ide.mcu.externaltools.gnu-tools-for-stm32.13.3.rel1.linux64_1.0.0.202410170706/tools/bin/../lib/gcc/arm-none-eabi/13.3.1/../../../../arm-none-eabi/lib/thumb/v7e-m+fp/hard/libc_nano.a(libc_a-exit.o)
                              /opt/st/stm32cubeide_1.18.1/plugins/com.st.stm32cube.ide.mcu.externaltools.gnu-tools-for-stm32.13.3.rel1.linux64_1.0.0.202410170706/tools/bin/../lib/gcc/arm-none-eabi/13.3.1/../../../../arm-none-eabi/lib/thumb/v7e-m+fp/hard/crt0.o (exit)
/opt/st/stm32cubeide_1.18.1/plugins/com.st.stm32cube.ide.mcu.externaltools.gnu-tools-for-stm32.13.3.rel1.linux64_1.0.0.202410170706/tools/bin/../lib/gcc/arm-none-eabi/13.3.1/../../../../arm-none-eabi/lib/thumb/v7e-m+fp/hard/libc_nano.a(libc_a-findfp.o)
                              /opt/st/stm32cubeide_1.18.1/plugins/com.st.stm32cube.ide.mcu.externaltools.gnu-tools-for-stm32.13.3.rel1.linux64_1.0.0.202410170706/tools/bin/../lib/gcc/arm-none-eabi/13.3.1/../../../../arm-none-eabi/lib/thumb/v7e-m+fp/hard/libc_nano.a(libc_a-exit.o) (__stdio_exit_handler)
/opt/st/stm32cubeide_1.18.1/plugins/com.st.stm32cube.ide.mcu.externaltools.gnu-tools-for-stm32.13.3.rel1.linux64_1.0.0.202410170706/tools/bin/../lib/gcc/arm-none-eabi/13.3.1/../../../../arm-none-eabi/lib/thumb/v7e-m+fp/hard/libc_nano.a(libc_a-fwalk.o)
                              /opt/st/stm32cubeide_1.18.1/plugins/com.st.stm32cube.ide.mcu.externaltools.gnu-tools-for-stm32.13.3.rel1.linux64_1.0.0.202410170706/tools/bin/../lib/gcc/arm-none-eabi/13.3.1/../../../../arm-none-eabi/lib/thumb/v7e-m+fp/hard/libc_nano.a(libc_a-findfp.o) (_fwalk_sglue)
/opt/st/stm32cubeide_1.18.1/plugins/com.st.stm32cube.ide.mcu.externaltools.gnu-tools-for-stm32.13.3.rel1.linux64_1.0.0.202410170706/tools/bin/../lib/gcc/arm-none-eabi/13.3.1/../../../../arm-none-eabi/lib/thumb/v7e-m+fp/hard/libc_nano.a(libc_a-stdio.o)
                              /opt/st/stm32cubeide_1.18.1/plugins/com.st.stm32cube.ide.mcu.externaltools.gnu-tools-for-stm32.13.3.rel1.linux64_1.0.0.202410170706/tools/bin/../lib/gcc/arm-none-eabi/13.3.1/../../../../arm-none-eabi/lib/thumb/v7e-m+fp/hard/libc_nano.a(libc_a-findfp.o) (__sread)
/opt/st/stm32cubeide_1.18.1/plugins/com.st.stm32cube.ide.mcu.externaltools.gnu-tools-for-stm32.13.3.rel1.linux64_1.0.0.202410170706/tools/bin/../lib/gcc/arm-none-eabi/13.3.1/../../../../arm-none-eabi/lib/thumb/v7e-m+fp/hard/libc_nano.a(libc_a-memset.o)
                              /opt/st/stm32cubeide_1.18.1/plugins/com.st.stm32cube.ide.mcu.externaltools.gnu-tools-for-stm32.13.3.rel1.linux64_1.0.0.202410170706/tools/bin/../lib/gcc/arm-none-eabi/13.3.1/../../../../arm-none-eabi/lib/thumb/v7e-m+fp/hard/crt0.o (memset)
/opt/st/stm32cubeide_1.18.1/plugins/com.st.stm32cube.ide.mcu.externaltools.gnu-tools-for-stm32.13.3.rel1.linux64_1.0.0.202410170706/tools/bin/../lib/gcc/arm-none-eabi/13.3.1/../../../../arm-none-eabi/lib/thumb/v7e-m+fp/hard/libc_nano.a(libc_a-closer.o)
                              /opt/st/stm32cubeide_1.18.1/plugins/com.st.stm32cube.ide.mcu.externaltools.gnu-tools-for-stm32.13.3.rel1.linux64_1.0.0.202410170706/tools/bin/../lib/gcc/arm-none-eabi/13.3.1/../../../../arm-none-eabi/lib/thumb/v7e-m+fp/hard/libc_nano.a(libc_a-stdio.o) (_close_r)
/opt/st/stm32cubeide_1.18.1/plugins/com.st.stm32cube.ide.mcu.externaltools.gnu-tools-for-stm32.13.3.rel1.linux64_1.0.0.202410170706/tools/bin/../lib/gcc/arm-none-eabi/13.3.1/../../../../arm-none-eabi/lib/thumb/v7e-m+fp/hard/libc_nano.a(libc_a-reent.o)
                              /opt/st/stm32cubeide_1.18.1/plugins/com.st.stm32cube.ide.mcu.externaltools.gnu-tools-for-stm32.13.3.rel1.linux64_1.0.0.202410170706/tools/bin/../lib/gcc/arm-none-eabi/13.3.1/../../../../arm-none-eabi/lib/thumb/v7e-m+fp/hard/libc_nano.a(libc_a-closer.o) (errno)
/opt/st/stm32cubeide_1.18.1/plugins/com.st.stm32cube.ide.mcu.externaltools.gnu-tools-for-stm32.13.3.rel1.linux64_1.0.0.202410170706/tools/bin/../lib/gcc/arm-none-eabi/13.3.1/../../../../arm-none-eabi/lib/thumb/v7e-m+fp/hard/libc_nano.a(libc_a-impure.o)
                              /opt/st/stm32cubeide_1.18.1/plugins/com.st.stm32cube.ide.mcu.externaltools.gnu-tools-for-stm32.13.3.rel1.linux64_1.0.0.202410170706/tools/bin/../lib/gcc/arm-none-eabi/13.3.1/../../../../arm-none-eabi/lib/thumb/v7e-m+fp/hard/libc_nano.a(libc_a-reent.o) (_impure_ptr)
/opt/st/stm32cubeide_1.18.1/plugins/com.st.stm32cube.ide.mcu.externaltools.gnu-tools-for-stm32.13.3.rel1.linux64_1.0.0.202410170706/tools/bin/../lib/gcc/arm-none-eabi/13.3.1/../../../../arm-none-eabi/lib/thumb/v7e-m+fp/hard/libc_nano.a(libc_a-lseekr.o)
                              /opt/st/stm32cubeide_1.18.1/plugins/com.st.stm32cube.ide.mcu.externaltools.gnu-tools-for-stm32.13.3.rel1.linux64_1.0.0.202410170706/tools/bin/../lib/gcc/arm-none-eabi/13.3.1/../../../../arm-none-eabi/lib/thumb/v7e-m+fp/hard/libc_nano.a(libc_a-stdio.o) (_lseek_r)
[...]
Memory Configuration

Name             Origin             Length             Attributes
RAM              0x20000000         0x00018000         xrw
FLASH            0x08000000         0x00004000         xr
*default*        0x00000000         0xffffffff

Linker script and memory map

LOAD /opt/st/stm32cubeide_1.18.1/plugins/com.st.stm32cube.ide.mcu.externaltools.gnu-tools-for-stm32.13.3.rel1.linux64_1.0.0.202410170706/tools/bin/../lib/gcc/arm-none-eabi/13.3.1/thumb/v7e-m+fp/hard/crti.o
LOAD /opt/st/stm32cubeide_1.18.1/plugins/com.st.stm32cube.ide.mcu.externaltools.gnu-tools-for-stm32.13.3.rel1.linux64_1.0.0.202410170706/tools/bin/../lib/gcc/arm-none-eabi/13.3.1/thumb/v7e-m+fp/hard/crtbegin.o
LOAD /opt/st/stm32cubeide_1.18.1/plugins/com.st.stm32cube.ide.mcu.externaltools.gnu-tools-for-stm32.13.3.rel1.linux64_1.0.0.202410170706/tools/bin/../lib/gcc/arm-none-eabi/13.3.1/../../../../arm-none-eabi/lib/thumb/v7e-m+fp/hard/crt0.o
LOAD ./APP/bootloader.o
LOAD ./APP/main.o
LOAD ./LIB/syscalls.o
LOAD ./LIB/sysmem.o
LOAD ./MCAL/CRC/CRC_program.o
LOAD ./MCAL/FPEC/FPEC_program.o
LOAD ./MCAL/GPIO/GPIO_program.o
LOAD ./MCAL/NVIC/NVIC_program.o
LOAD ./MCAL/RCC/RCC_program.o
LOAD ./MCAL/SCB/SCB_program.o
LOAD ./MCAL/SYSTICK/SYSTICK_program.o
LOAD ./MCAL/UART/UART_Lcfg.o
LOAD ./MCAL/UART/UART_program.o
LOAD ./Startup/System_Init.o
LOAD ./Startup/startup_stm32f401retx.o
START GROUP
LOAD /opt/st/stm32cubeide_1.18.1/plugins/com.st.stm32cube.ide.mcu.externaltools.gnu-tools-for-stm32.13.3.rel1.linux64_1.0.0.202410170706/tools/bin/../lib/gcc/arm-none-eabi/13.3.1/../../../../arm-none-eabi/lib/thumb/v7e-m+fp/hard/libc_nano.a
LOAD /opt/st/stm32cubeide_1.18.1/plugins/com.st.stm32cube.ide.mcu.externaltools.gnu-tools-for-stm32.13.3.rel1.linux64_1.0.0.202410170706/tools/bin/../lib/gcc/arm-none-eabi/13.3.1/../../../../arm-none-eabi/lib/thumb/v7e-m+fp/hard/libm.a
END GROUP
START GROUP
LOAD /opt/st/stm32cubeide_1.18.1/plugins/com.st.stm32cube.ide.mcu.externaltools.gnu-tools-for-stm32.13.3.rel1.linux64_1.0.0.202410170706/tools/bin/../lib/gcc/arm-none-eabi/13.3.1/thumb/v7e-m+fp/hard/libgcc.a
LOAD /opt/st/stm32cubeide_1.18.1/plugins/com.st.stm32cube.ide.mcu.externaltools.gnu-tools-for-stm32.13.3.rel1.linux64_1.0.0.202410170706/tools/bin/../lib/gcc/arm-none-eabi/13.3.1/../../../../arm-none-eabi/lib/thumb/v7e-m+fp/hard/libc_nano.a
END GROUP
START GROUP
LOAD /opt/st/stm32cubeide_1.18.1/plugins/com.st.stm32cube.ide.mcu.externaltools.gnu-tools-for-stm32.13.3.rel1.linux64_1.0.0.202410170706/tools/bin/../lib/gcc/arm-none-eabi/13.3.1/thumb/v7e-m+fp/hard/libgcc.a
LOAD /opt/st/stm32cubeide_1.18.1/plugins/com.st.stm32cube.ide.mcu.externaltools.gnu-tools-for-stm32.13.3.rel1.linux64_1.0.0.202410170706/tools/bin/../lib/gcc/arm-none-eabi/13.3.1/../../../../arm-none-eabi/lib/thumb/v7e-m+fp/hard/libc_nano.a
LOAD /opt/st/stm32cubeide_1.18.1/plugins/com.st.stm32cube.ide.mcu.externaltools.gnu-tools-for-stm32.13.3.rel1.linux64_1.0.0.202410170706/tools/bin/../lib/gcc/arm-none-eabi/13.3.1/../../../../arm-none-eabi/lib/thumb/v7e-m+fp/hard/libnosys.a
END GROUP
START GROUP
LOAD /opt/st/stm32cubeide_1.18.1/plugins/com.st.stm32cube.ide.mcu.externaltools.gnu-tools-for-stm32.13.3.rel1.linux64_1.0.0.202410170706/tools/bin/../lib/gcc/arm-none-eabi/13.3.1/thumb/v7e-m+fp/hard/libgcc.a
LOAD /opt/st/stm32cubeide_1.18.1/plugins/com.st.stm32cube.ide.mcu.externaltools.gnu-tools-for-stm32.13.3.rel1.linux64_1.0.0.202410170706/tools/bin/../lib/gcc/arm-none-eabi/13.3.1/../../../../arm-none-eabi/lib/thumb/v7e-m+fp/hard/libc_nano.a
LOAD /opt/st/stm32cubeide_1.18.1/plugins/com.st.stm32cube.ide.mcu.externaltools.gnu-tools-for-stm32.13.3.rel1.linux64_1.0.0.202410170706/tools/bin/../lib/gcc/arm-none-eabi/13.3.1/../../../../arm-none-eabi/lib/thumb/v7e-m+fp/hard/libnosys.a
END GROUP
LOAD /opt/st/stm32cubeide_1.18.1/plugins/com.st.stm32cube.ide.mcu.externaltools.gnu-tools-for-stm32.13.3.rel1.linux64_1.0.0.202410170706/tools/bin/../lib/gcc/arm-none-eabi/13.3.1/thumb/v7e-m+fp/hard/crtend.o
LOAD /opt/st/stm32cubeide_1.18.1/plugins/com.st.stm32cube.ide.mcu.externaltools.gnu-tools-for-stm32.13.3.rel1.linux64_1.0.0.202410170706/tools/bin/../lib/gcc/arm-none-eabi/13.3.1/thumb/v7e-m+fp/hard/crtn.o
                0x20018000                        _estack = (ORIGIN (RAM) + LENGTH (RAM))
                0x00000200                        _Min_Heap_Size = 0x200
                0x00000400                        _Min_Stack_Size = 0x400

.isr_vector     0x08000000      0x194
                0x08000000                        . = ALIGN (0x4)
 *(.isr_vector)
 .isr_vector    0x08000000      0x194 ./Startup/startup_stm32f401retx.o
                0x08000000                g_pfnVectors
                0x08000194                        . = ALIGN (0x4)

.text           0x08000198     0x1e00
                0x08000198                        . = ALIGN (0x4)
 *(.text)
 .text          0x08000198       0x40 /opt/st/stm32cubeide_1.18.1/plugins/com.st.stm32cube.ide.mcu.externaltools.gnu-tools-for-stm32.13.3.rel1.linux64_1.0.0.202410170706/tools/bin/../lib/gcc/arm-none-eabi/13.3.1/thumb/v7e-m+fp/hard/crtbegin.o
 .text          0x080001d8      0x378 /opt/st/stm32cubeide_1.18.1/plugins/com.st.stm32cube.ide.mcu.externaltools.gnu-tools-for-stm32.13.3.rel1.linux64_1.0.0.202410170706/tools/bin/../lib/gcc/arm-none-eabi/13.3.1/thumb/v7e-m+fp/hard/libgcc.a(_arm_addsubdf3.o)
                0x080001d8                __aeabi_drsub
                0x080001e0                __aeabi_dsub
                0x080001e0                __subdf3
                0x080001e4                __adddf3
                0x080001e4                __aeabi_dadd
                0x0800045c                __aeabi_ui2d
                0x0800045c                __floatunsidf
                0x0800047c                __floatsidf
                0x0800047c                __aeabi_i2d
                0x080004a0                __extendsfdf2
                0x080004a0                __aeabi_f2d
                0x080004e4                __aeabi_ul2d
                0x080004e4                __floatundidf
                0x080004f4                __floatdidf
                0x080004f4                __aeabi_l2d
 .text          0x08000550      0x424 /opt/st/stm32cubeide_1.18.1/plugins/com.st.stm32cube.ide.mcu.externaltools.gnu-tools-for-stm32.13.3.rel1.linux64_1.0.0.202410170706/tools/bin/../lib/gcc/arm-none-eabi/13.3.1/thumb/v7e-m+fp/hard/libgcc.a(_arm_muldivdf3.o)
                0x08000550                __aeabi_dmul
                0x08000550                __muldf3
                0x080007a4                __aeabi_ddiv
                0x080007a4                __divdf3
 .text          0x08000974       0x40 /opt/st/stm32cubeide_1.18.1/plugins/com.st.stm32cube.ide.mcu.externaltools.gnu-tools-for-stm32.13.3.rel1.linux64_1.0.0.202410170706/tools/bin/../lib/gcc/arm-none-eabi/13.3.1/thumb/v7e-m+fp/hard/libgcc.a(_arm_fixunsdfsi.o)
                0x08000974                __fixunsdfsi
                0x08000974                __aeabi_d2uiz
 *(.text*)
 .text.Bootloader_Get_Version
                0x080009b4       0x5e ./APP/bootloader.o
 *fill*         0x08000a12        0x2 
 .text.Bootloader_Get_Chip_ID
                0x08000a14       0x70 ./APP/bootloader.o
 .text.Bootloader_Get_ReadProtection_Status
                0x08000a84       0x64 ./APP/bootloader.o
 .text.Bootloader_Application_Erase
                0x08000ae8       0x68 ./APP/bootloader.o
 .text.Bootloader_Upload_Application
                0x08000b50       0x9e ./APP/bootloader.o
 *fill*         0x08000bee        0x2 
 .text.Bootloader_Jump_To_Application
                0x08000bf0       0xa4 ./APP/bootloader.o
 .text.Bootloader_CRC_Verify
                0x08000c94       0x68 ./APP/bootloader.o
 .text.Bootloader_Send_ACK
                0x08000cfc       0x2a ./APP/bootloader.o
 .text.Bootloader_Send_NOT_ACK
                0x08000d26       0x1c ./APP/bootloader.o
 *fill*         0x08000d42        0x2 
 .text.Bootloader_Send_Data_To_Host
                0x08000d44       0x28 ./APP/bootloader.o
 .text.Host_Address_Verification
                0x08000d6c       0x38 ./APP/bootloader.o
 .text.BL_UART_Fetch_Host_Command
                0x08000da4       0x98 ./APP/bootloader.o
                0x08000da4                BL_UART_Fetch_Host_Command
 .text.main     0x08000e3c       0x28 ./APP/main.o
                0x08000e3c                main
 .text.CRC_RESET_DR
                0x08000e64       0x20 ./MCAL/CRC/CRC_program.o
                0x08000e64                CRC_RESET_DR
 .text.CRC_Accumlate
                0x08000e84       0x4c ./MCAL/CRC/CRC_program.o
                0x08000e84                CRC_Accumlate
 .text.FLASH_UNLOCK
                0x08000ed0       0x28 ./MCAL/FPEC/FPEC_program.o
 .text.FLASH_LOCK
                0x08000ef8       0x20 ./MCAL/FPEC/FPEC_program.o
 .text.WAIT_FOR_BSY
                0x08000f18       0x24 ./MCAL/FPEC/FPEC_program.o
 .text.FPEC_Write
                0x08000f3c       0x6c ./MCAL/FPEC/FPEC_program.o
                0x08000f3c                FPEC_Write
 .text.FPEC_EraseSectors
                0x08000fa8       0x80 ./MCAL/FPEC/FPEC_program.o
                0x08000fa8                FPEC_EraseSectors
 .text.FPEC_GetReadProtectionLevel
                0x08001028       0x20 ./MCAL/FPEC/FPEC_program.o
                0x08001028                FPEC_GetReadProtectionLevel
 .text.GPIO_voidSetPinMode
                0x08001048      0x144 ./MCAL/GPIO/GPIO_program.o
                0x08001048                GPIO_voidSetPinMode
 .text.GPIO_voidSetPinAlternateFunction
                0x0800118c      0x27c ./MCAL/GPIO/GPIO_program.o
                0x0800118c                GPIO_voidSetPinAlternateFunction
 .text.MNVIC_voidEnableIRQ
                0x08001408       0x3c ./MCAL/NVIC/NVIC_program.o
                0x08001408                MNVIC_voidEnableIRQ
 .text.RCC_void_HSI_Init
                0x08001444       0x60 ./MCAL/RCC/RCC_program.o
 .text.RCC_void_AHB1Prescaler_Init
                0x080014a4       0x28 ./MCAL/RCC/RCC_program.o
 .text.RCC_void_APB1Prescaler_Init
                0x080014cc       0x2c ./MCAL/RCC/RCC_program.o
 .text.RCC_void_APB2Prescaler_Init
                0x080014f8       0x28 ./MCAL/RCC/RCC_program.o
 .text.RCC_voidInit
                0x08001520       0x18 ./MCAL/RCC/RCC_program.o
                0x08001520                RCC_voidInit
 .text.RCC_voidEnablePeripheralClock
                0x08001538       0x80 ./MCAL/RCC/RCC_program.o
                0x08001538                RCC_voidEnablePeripheralClock
 .text.MSysTick_voidInit
                0x080015b8       0x38 ./MCAL/SYSTICK/SYSTICK_program.o
                0x080015b8                MSysTick_voidInit
 .text.MSysTick_voidDeInit
                0x080015f0       0x38 ./MCAL/SYSTICK/SYSTICK_program.o
                0x080015f0                MSysTick_voidDeInit
 .text.SysTick_Handler
                0x08001628       0x2c ./MCAL/SYSTICK/SYSTICK_program.o
                0x08001628                SysTick_Handler
 *fill*         0x08001654        0x4 
 .text.MSysTick_void_ASYNC_Delay_ms
                0x08001658       0x94 ./MCAL/SYSTICK/SYSTICK_program.o
                0x08001658                MSysTick_void_ASYNC_Delay_ms
 .text.UART_ClockEnable
                0x080016ec       0x58 ./MCAL/UART/UART_program.o
 .text.UART_voidGPIOConfig
                0x08001744       0xc0 ./MCAL/UART/UART_program.o
 *fill*         0x08001804        0x4 
 .text.UART_SetBaudRate
                0x08001808      0x21c ./MCAL/UART/UART_program.o
 .text.UART_TC_INT_Init
                0x08001a24       0x98 ./MCAL/UART/UART_program.o
 .text.UART_RXNE_INT_Init
                0x08001abc       0x98 ./MCAL/UART/UART_program.o
 .text.USART_Timeout_Handler
                0x08001b54       0x18 ./MCAL/UART/UART_program.o
 .text.UART_voidInit
                0x08001b6c       0x7c ./MCAL/UART/UART_program.o
                0x08001b6c                UART_voidInit
 .text.UART_TransmitByte
                0x08001be8       0x74 ./MCAL/UART/UART_program.o
                0x08001be8                UART_TransmitByte
 .text.UART_voidTransmit
                0x08001c5c       0x68 ./MCAL/UART/UART_program.o
                0x08001c5c                UART_voidTransmit
 .text.UART_ReceiveByte
                0x08001cc4       0x78 ./MCAL/UART/UART_program.o
                0x08001cc4                UART_ReceiveByte
 .text.UART_voidReceive
                0x08001d3c       0x66 ./MCAL/UART/UART_program.o
                0x08001d3c                UART_voidReceive
 *fill*         0x08001da2        0x2 
 .text.USART1_IRQHandler
                0x08001da4       0x60 ./MCAL/UART/UART_program.o
                0x08001da4                USART1_IRQHandler
 .text.USART2_IRQHandler
                0x08001e04       0x60 ./MCAL/UART/UART_program.o
                0x08001e04                USART2_IRQHandler
 .text.USART6_IRQHandler
                0x08001e64       0x60 ./MCAL/UART/UART_program.o
                0x08001e64                USART6_IRQHandler
 .text.SystemInit
                0x08001ec4       0x10 ./Startup/System_Init.o
                0x08001ec4                SystemInit
 .text.Reset_Handler
                0x08001ed4       0x50 ./Startup/startup_stm32f401retx.o
                0x08001ed4                Reset_Handler
 .text.Default_Handler
                0x08001f24        0x2 ./Startup/startup_stm32f401retx.o
                0x08001f24                EXTI2_IRQHandler
                0x08001f24                DebugMon_Handler
                0x08001f24                SPI4_IRQHandler
                0x08001f24                TIM1_CC_IRQHandler
                0x08001f24                DMA2_Stream5_IRQHandler
                0x08001f24                HardFault_Handler
                0x08001f24                DMA1_Stream5_IRQHandler
                0x08001f24                SDIO_IRQHandler
                0x08001f24                TAMP_STAMP_IRQHandler
                0x08001f24                PendSV_Handler
                0x08001f24                NMI_Handler
                0x08001f24                EXTI3_IRQHandler
                0x08001f24                TIM1_UP_TIM10_IRQHandler
                0x08001f24                I2C3_ER_IRQHandler
                0x08001f24                EXTI18_OTG_FS_WKUP_IRQHandler
                0x08001f24                EXTI0_IRQHandler
                0x08001f24                I2C2_EV_IRQHandler
                0x08001f24                DMA1_Stream2_IRQHandler
                0x08001f24                UsageFault_Handler
                0x08001f24                DMA2_Stream2_IRQHandler
                0x08001f24                SPI1_IRQHandler
                0x08001f24                TIM1_BRK_TIM9_IRQHandler
                0x08001f24                DMA2_Stream3_IRQHandler
                0x08001f24                DMA2_Stream0_IRQHandler
                0x08001f24                TIM4_IRQHandler
                0x08001f24                I2C1_EV_IRQHandler
                0x08001f24                DMA1_Stream6_IRQHandler
                0x08001f24                DMA1_Stream1_IRQHandler
                0x08001f24                TIM3_IRQHandler
                0x08001f24                RCC_IRQHandler
                0x08001f24                Default_Handler
                0x08001f24                EXTI15_10_IRQHandler
                0x08001f24                ADC_IRQHandler
                0x08001f24                DMA1_Stream7_IRQHandler
                0x08001f24                TIM5_IRQHandler
                0x08001f24                DMA2_Stream7_IRQHandler
                0x08001f24                I2C3_EV_IRQHandler
                0x08001f24                EXTI9_5_IRQHandler
                0x08001f24                SPI2_IRQHandler
                0x08001f24                MemManage_Handler
                0x08001f24                DMA1_Stream0_IRQHandler
                0x08001f24                SVC_Handler
                0x08001f24                EXTI4_IRQHandler
                0x08001f24                EXTI22_RTC_WKUP_IRQHandler
                0x08001f24                TIM2_IRQHandler
                0x08001f24                EXTI16_PVD_IRQHandler
                0x08001f24                TIM1_TRG_COM_TIM11_IRQHandler
                0x08001f24                EXTI1_IRQHandler
                0x08001f24                EXTI17_RTC_Alarm_IRQHandler
                0x08001f24                I2C2_ER_IRQHandler
                0x08001f24                DMA2_Stream1_IRQHandler
                0x08001f24                FLASH_IRQHandler
                0x08001f24                DMA2_Stream4_IRQHandler
                0x08001f24                BusFault_Handler
                0x08001f24                OTG_FS_IRQHandler
                0x08001f24                SPI3_IRQHandler
                0x08001f24                DMA1_Stream4_IRQHandler
                0x08001f24                I2C1_ER_IRQHandler
                0x08001f24                DMA2_Stream6_IRQHandler
                0x08001f24                DMA1_Stream3_IRQHandler
 .text.memset   0x08001f26       0x10 /opt/st/stm32cubeide_1.18.1/plugins/com.st.stm32cube.ide.mcu.externaltools.gnu-tools-for-stm32.13.3.rel1.linux64_1.0.0.202410170706/tools/bin/../lib/gcc/arm-none-eabi/13.3.1/../../../../arm-none-eabi/lib/thumb/v7e-m+fp/hard/libc_nano.a(libc_a-memset.o)
                0x08001f26                memset
 *fill*         0x08001f36        0x2 
 .text.__libc_init_array
                0x08001f38       0x48 /opt/st/stm32cubeide_1.18.1/plugins/com.st.stm32cube.ide.mcu.externaltools.gnu-tools-for-stm32.13.3.rel1.linux64_1.0.0.202410170706/tools/bin/../lib/gcc/arm-none-eabi/13.3.1/../../../../arm-none-eabi/lib/thumb/v7e-m+fp/hard/libc_nano.a(libc_a-init.o)
                0x08001f38                __libc_init_array
 *(.glue_7)
 .glue_7        0x08001f80        0x0 linker stubs
 *(.glue_7t)
 .glue_7t       0x08001f80        0x0 linker stubs
 *(.eh_frame)
 .eh_frame      0x08001f80        0x0 /opt/st/stm32cubeide_1.18.1/plugins/com.st.stm32cube.ide.mcu.externaltools.gnu-tools-for-stm32.13.3.rel1.linux64_1.0.0.202410170706/tools/bin/../lib/gcc/arm-none-eabi/13.3.1/thumb/v7e-m+fp/hard/crtbegin.o
 *(.init)
 .init          0x08001f80        0x4 /opt/st/stm32cubeide_1.18.1/plugins/com.st.stm32cube.ide.mcu.externaltools.gnu-tools-for-stm32.13.3.rel1.linux64_1.0.0.202410170706/tools/bin/../lib/gcc/arm-none-eabi/13.3.1/thumb/v7e-m+fp/hard/crti.o
                0x08001f80                _init
 .init          0x08001f84        0x8 /opt/st/stm32cubeide_1.18.1/plugins/com.st.stm32cube.ide.mcu.externaltools.gnu-tools-for-stm32.13.3.rel1.linux64_1.0.0.202410170706/tools/bin/../lib/gcc/arm-none-eabi/13.3.1/thumb/v7e-m+fp/hard/crtn.o
 *(.fini)
 .fini          0x08001f8c        0x4 /opt/st/stm32cubeide_1.18.1/plugins/com.st.stm32cube.ide.mcu.externaltools.gnu-tools-for-stm32.13.3.rel1.linux64_1.0.0.202410170706/tools/bin/../lib/gcc/arm-none-eabi/13.3.1/thumb/v7e-m+fp/hard/crti.o
                0x08001f8c                _fini
 .fini          0x08001f90        0x8 /opt/st/stm32cubeide_1.18.1/plugins/com.st.stm32cube.ide.mcu.externaltools.gnu-tools-for-stm32.13.3.rel1.linux64_1.0.0.202410170706/tools/bin/../lib/gcc/arm-none-eabi/13.3.1/thumb/v7e-m+fp/hard/crtn.o
                0x08001f98                        . = ALIGN (0x4)
                0x08001f98                        _etext = .

.vfp11_veneer   0x08001f98        0x0
 .vfp11_veneer  0x08001f98        0x0 linker stubs

.v4_bx          0x08001f98        0x0
 .v4_bx         0x08001f98        0x0 linker stubs

.iplt           0x08001f98        0x0
 .iplt          0x08001f98        0x0 /opt/st/stm32cubeide_1.18.1/plugins/com.st.stm32cube.ide.mcu.externaltools.gnu-tools-for-stm32.13.3.rel1.linux64_1.0.0.202410170706/tools/bin/../lib/gcc/arm-none-eabi/13.3.1/thumb/v7e-m+fp/hard/crtbegin.o

.rodata         0x08001f98        0x0
                0x08001f98                        . = ALIGN (0x4)
 *(.rodata)
 *(.rodata*)
                0x08001f98                        . = ALIGN (0x4)

.ARM.extab      0x08001f98        0x0
                0x08001f98                        . = ALIGN (0x4)
 *(.ARM.extab* .gnu.linkonce.armextab.*)
                0x08001f98                        . = ALIGN (0x4)

.ARM            0x08001f98        0x0
                0x08001f98                        . = ALIGN (0x4)
                0x08001f98                        __exidx_start = .
 *(.ARM.exidx*)
                0x08001f98                        __exidx_end = .
                0x08001f98                        . = ALIGN (0x4)

.preinit_array  0x08001f98        0x0
                0x08001f98                        . = ALIGN (0x4)
                0x08001f98                        PROVIDE (__preinit_array_start = .)
 *(.preinit_array*)
                0x08001f98                        PROVIDE (__preinit_array_end = .)
                0x08001f98                        . = ALIGN (0x4)

.init_array     0x08001f98        0x4
                0x08001f98                        . = ALIGN (0x4)
                0x08001f98                        PROVIDE (__init_array_start = .)
 *(SORT_BY_NAME(.init_array.*))
 *(.init_array*)
 .init_array    0x08001f98        0x4 /opt/st/stm32cubeide_1.18.1/plugins/com.st.stm32cube.ide.mcu.externaltools.gnu-tools-for-stm32.13.3.rel1.linux64_1.0.0.202410170706/tools/bin/../lib/gcc/arm-none-eabi/13.3.1/thumb/v7e-m+fp/hard/crtbegin.o
                0x08001f9c                        PROVIDE (__init_array_end = .)
                0x08001f9c                        . = ALIGN (0x4)

.fini_array     0x08001f9c        0x4
                0x08001f9c                        . = ALIGN (0x4)
                [!provide]                        PROVIDE (__fini_array_start = .)
 *(SORT_BY_NAME(.fini_array.*))
 *(.fini_array*)
 .fini_array    0x08001f9c        0x4 /opt/st/stm32cubeide_1.18.1/plugins/com.st.stm32cube.ide.mcu.externaltools.gnu-tools-for-stm32.13.3.rel1.linux64_1.0.0.202410170706/tools/bin/../lib/gcc/arm-none-eabi/13.3.1/thumb/v7e-m+fp/hard/crtbegin.o
                [!provide]                        PROVIDE (__fini_array_end = .)
                0x08001fa0                        . = ALIGN (0x4)
                0x08001fa0                        _sidata = LOADADDR (.data)

.rel.dyn        0x08001fa0        0x0
 .rel.iplt      0x08001fa0        0x0 /opt/st/stm32cubeide_1.18.1/plugins/com.st.stm32cube.ide.mcu.externaltools.gnu-tools-for-stm32.13.3.rel1.linux64_1.0.0.202410170706/tools/bin/../lib/gcc/arm-none-eabi/13.3.1/thumb/v7e-m+fp/hard/crtbegin.o

.data           0x20000000       0x28 load address 0x08001fa0
                0x20000000                        . = ALIGN (0x4)
                0x20000000                        _sdata = .
 *(.data)
 *(.data*)
 .data.data     0x20000000        0x1 ./APP/main.o
                0x20000000                data
 *fill*         0x20000001        0x3 
 .data.UART1_Cfg
                0x20000004       0x24 ./MCAL/UART/UART_Lcfg.o
                0x20000004                UART1_Cfg
 *(.RamFunc)
 *(.RamFunc*)
                0x20000028                        . = ALIGN (0x4)
                0x20000028                        _edata = .

.igot.plt       0x20000028        0x0 load address 0x08001fc8
 .igot.plt      0x20000028        0x0 /opt/st/stm32cubeide_1.18.1/plugins/com.st.stm32cube.ide.mcu.externaltools.gnu-tools-for-stm32.13.3.rel1.linux64_1.0.0.202410170706/tools/bin/../lib/gcc/arm-none-eabi/13.3.1/thumb/v7e-m+fp/hard/crtbegin.o
                0x20000028                        . = ALIGN (0x4)

.bss            0x20000028      0x108 load address 0x08001fc8
                0x20000028                        _sbss = .
                0x20000028                        __bss_start__ = _sbss
 *(.bss)
 .bss           0x20000028       0x1c /opt/st/stm32cubeide_1.18.1/plugins/com.st.stm32cube.ide.mcu.externaltools.gnu-tools-for-stm32.13.3.rel1.linux64_1.0.0.202410170706/tools/bin/../lib/gcc/arm-none-eabi/13.3.1/thumb/v7e-m+fp/hard/crtbegin.o
 *(.bss*)
 .bss.BL_HOST_RX_BUFFER
                0x20000044       0xc8 ./APP/bootloader.o
 .bss.SysTick_CallBack
                0x2000010c        0x4 ./MCAL/SYSTICK/SYSTICK_program.o
                0x2000010c                SysTick_CallBack
 .bss.SysTick_Mode
                0x20000110        0x1 ./MCAL/SYSTICK/SYSTICK_program.o
                0x20000110                SysTick_Mode
 *fill*         0x20000111        0x3 
 .bss.USART1_TC_INT_Callback
                0x20000114        0x4 ./MCAL/UART/UART_program.o
 .bss.USART2_TC_INT_Callback
                0x20000118        0x4 ./MCAL/UART/UART_program.o
 .bss.USART6_TC_INT_Callback
                0x2000011c        0x4 ./MCAL/UART/UART_program.o
 .bss.USART1_RXNE_INT_Callback
                0x20000120        0x4 ./MCAL/UART/UART_program.o
 .bss.USART2_RXNE_INT_Callback
                0x20000124        0x4 ./MCAL/UART/UART_program.o
 .bss.USART6_RXNE_INT_Callback
                0x20000128        0x4 ./MCAL/UART/UART_program.o
 .bss.USART_Timeout_Flag
                0x2000012c        0x1 ./MCAL/UART/UART_program.o
 *(COMMON)
                0x20000130                        . = ALIGN (0x4)
 *fill*         0x2000012d        0x3 
                0x20000130                        _ebss = .
                0x20000130                        __bss_end__ = _ebss

._user_heap_stack
                0x20000130      0x600 load address 0x08001fc8
                0x20000130                        . = ALIGN (0x8)
                [!provide]                        PROVIDE (end = .)
                0x20000130                        PROVIDE (_end = .)
                0x20000330                        . = (. + _Min_Heap_Size)
 *fill*         0x20000130      0x200 
                0x20000730                        . = (. + _Min_Stack_Size)
 *fill*         0x20000330      0x400 
                0x20000730                        . = ALIGN (0x8)

/DISCARD/
 libc.a(*)
 libm.a(*)
 libgcc.a(*)

.ARM.attributes
                0x00000000       0x30
 *(.ARM.attributes)
 .ARM.attributes
                0x00000000       0x22 /opt/st/stm32cubeide_1.18.1/plugins/com.st.stm32cube.ide.mcu.externaltools.gnu-tools-for-stm32.13.3.rel1.linux64_1.0.0.202410170706/tools/bin/../lib/gcc/arm-none-eabi/13.3.1/thumb/v7e-m+fp/hard/crti.o
 .ARM.attributes
                0x00000022       0x34 /opt/st/stm32cubeide_1.18.1/plugins/com.st.stm32cube.ide.mcu.externaltools.gnu-tools-for-stm32.13.3.rel1.linux64_1.0.0.202410170706/tools/bin/../lib/gcc/arm-none-eabi/13.3.1/thumb/v7e-m+fp/hard/crtbegin.o
 .ARM.attributes
                0x00000056       0x34 ./APP/bootloader.o
 .ARM.attributes
                0x0000008a       0x34 ./APP/main.o
 .ARM.attributes
                0x000000be       0x34 ./MCAL/CRC/CRC_program.o
 .ARM.attributes
                0x000000f2       0x34 ./MCAL/FPEC/FPEC_program.o
 .ARM.attributes
                0x00000126       0x34 ./MCAL/GPIO/GPIO_program.o
 .ARM.attributes
                0x0000015a       0x34 ./MCAL/NVIC/NVIC_program.o
 .ARM.attributes
                0x0000018e       0x34 ./MCAL/RCC/RCC_program.o
 .ARM.attributes
                0x000001c2       0x34 ./MCAL/SYSTICK/SYSTICK_program.o
 .ARM.attributes
                0x000001f6       0x34 ./MCAL/UART/UART_Lcfg.o
 .ARM.attributes
                0x0000022a       0x34 ./MCAL/UART/UART_program.o
 .ARM.attributes
                0x0000025e       0x34 ./Startup/System_Init.o
 .ARM.attributes
                0x00000292       0x21 ./Startup/startup_stm32f401retx.o
 .ARM.attributes
                0x000002b3       0x34 /opt/st/stm32cubeide_1.18.1/plugins/com.st.stm32cube.ide.mcu.externaltools.gnu-tools-for-stm32.13.3.rel1.linux64_1.0.0.202410170706/tools/bin/../lib/gcc/arm-none-eabi/13.3.1/../../../../arm-none-eabi/lib/thumb/v7e-m+fp/hard/libc_nano.a(libc_a-memset.o)
 .ARM.attributes
                0x000002e7       0x34 /opt/st/stm32cubeide_1.18.1/plugins/com.st.stm32cube.ide.mcu.externaltools.gnu-tools-for-stm32.13.3.rel1.linux64_1.0.0.202410170706/tools/bin/../lib/gcc/arm-none-eabi/13.3.1/../../../../arm-none-eabi/lib/thumb/v7e-m+fp/hard/libc_nano.a(libc_a-init.o)
 .ARM.attributes
                0x0000031b       0x22 /opt/st/stm32cubeide_1.18.1/plugins/com.st.stm32cube.ide.mcu.externaltools.gnu-tools-for-stm32.13.3.rel1.linux64_1.0.0.202410170706/tools/bin/../lib/gcc/arm-none-eabi/13.3.1/thumb/v7e-m+fp/hard/libgcc.a(_arm_addsubdf3.o)
 .ARM.attributes
                0x0000033d       0x22 /opt/st/stm32cubeide_1.18.1/plugins/com.st.stm32cube.ide.mcu.externaltools.gnu-tools-for-stm32.13.3.rel1.linux64_1.0.0.202410170706/tools/bin/../lib/gcc/arm-none-eabi/13.3.1/thumb/v7e-m+fp/hard/libgcc.a(_arm_muldivdf3.o)
 .ARM.attributes
                0x0000035f       0x22 /opt/st/stm32cubeide_1.18.1/plugins/com.st.stm32cube.ide.mcu.externaltools.gnu-tools-for-stm32.13.3.rel1.linux64_1.0.0.202410170706/tools/bin/../lib/gcc/arm-none-eabi/13.3.1/thumb/v7e-m+fp/hard/libgcc.a(_arm_fixunsdfsi.o)
 .ARM.attributes
                0x00000381       0x22 /opt/st/stm32cubeide_1.18.1/plugins/com.st.stm32cube.ide.mcu.externaltools.gnu-tools-for-stm32.13.3.rel1.linux64_1.0.0.202410170706/tools/bin/../lib/gcc/arm-none-eabi/13.3.1/thumb/v7e-m+fp/hard/crtn.o
OUTPUT(BootLoader.elf elf32-littlearm)
LOAD linker stubs
LOAD /opt/st/stm32cubeide_1.18.1/plugins/com.st.stm32cube.ide.mcu.externaltools.gnu-tools-for-stm32.13.3.rel1.linux64_1.0.0.202410170706/tools/bin/../lib/gcc/arm-none-eabi/13.3.1/../../../../arm-none-eabi/lib/thumb/v7e-m+fp/hard/libc.a
LOAD /opt/st/stm32cubeide_1.18.1/plugins/com.st.stm32cube.ide.mcu.externaltools.gnu-tools-for-stm32.13.3.rel1.linux64_1.0.0.202410170706/tools/bin/../lib/gcc/arm-none-eabi/13.3.1/../../../../arm-none-eabi/lib/thumb/v7e-m+fp/hard/libm.a
LOAD /opt/st/stm32cubeide_1.18.1/plugins/com.st.stm32cube.ide.mcu.externaltools.gnu-tools-for-stm32.13.3.rel1.linux64_1.0.0.202410170706/tools/bin/../lib/gcc/arm-none-eabi/13.3.1/thumb/v7e-m+fp/hard/libgcc.a

.debug_info     0x00000000     0x25e2
 .debug_info    0x00000000      0x72f ./APP/bootloader.o
 .debug_info    0x0000072f      0x234 ./APP/main.o
 .debug_info    0x00000963      0x14b ./MCAL/CRC/CRC_program.o
 .debug_info    0x00000aae      0x1c7 ./MCAL/FPEC/FPEC_program.o
 .debug_info    0x00000c75      0x56f ./MCAL/GPIO/GPIO_program.o
 .debug_info    0x000011e4      0x4e1 ./MCAL/NVIC/NVIC_program.o
 .debug_info    0x000016c5      0x199 ./MCAL/RCC/RCC_program.o
 .debug_info    0x0000185e      0x315 ./MCAL/SYSTICK/SYSTICK_program.o
 .debug_info    0x00001b73      0x1a3 ./MCAL/UART/UART_Lcfg.o
 .debug_info    0x00001d16      0x812 ./MCAL/UART/UART_program.o
 .debug_info    0x00002528       0x8a ./Startup/System_Init.o
 .debug_info    0x000025b2       0x30 ./Startup/startup_stm32f401retx.o

.debug_abbrev   0x00000000      0xc8f
 .debug_abbrev  0x00000000      0x213 ./APP/bootloader.o
 .debug_abbrev  0x00000213       0xfc ./APP/main.o
 .debug_abbrev  0x0000030f      0x10e ./MCAL/CRC/CRC_program.o
 .debug_abbrev  0x0000041d       0xf4 ./MCAL/FPEC/FPEC_program.o
 .debug_abbrev  0x00000511      0x113 ./MCAL/GPIO/GPIO_program.o
 .debug_abbrev  0x00000624      0x16f ./MCAL/NVIC/NVIC_program.o
 .debug_abbrev  0x00000793       0x9d ./MCAL/RCC/RCC_program.o
 .debug_abbrev  0x00000830      0x15a ./MCAL/SYSTICK/SYSTICK_program.o
 .debug_abbrev  0x0000098a       0xa1 ./MCAL/UART/UART_Lcfg.o
 .debug_abbrev  0x00000a2b      0x1e7 ./MCAL/UART/UART_program.o
 .debug_abbrev  0x00000c12       0x59 ./Startup/System_Init.o
 .debug_abbrev  0x00000c6b       0x24 ./Startup/startup_stm32f401retx.o

.debug_aranges  0x00000000      0x3e8
 .debug_aranges
                0x00000000       0x78 ./APP/bootloader.o
 .debug_aranges
                0x00000078       0x20 ./APP/main.o
 .debug_aranges
                0x00000098       0x30 ./MCAL/CRC/CRC_program.o
 .debug_aranges
                0x000000c8       0x48 ./MCAL/FPEC/FPEC_program.o
 .debug_aranges
                0x00000110       0x90 ./MCAL/GPIO/GPIO_program.o
 .debug_aranges
                0x000001a0       0x68 ./MCAL/NVIC/NVIC_program.o
 .debug_aranges
                0x00000208       0x70 ./MCAL/RCC/RCC_program.o
 .debug_aranges
                0x00000278       0x88 ./MCAL/SYSTICK/SYSTICK_program.o
 .debug_aranges
                0x00000300       0x18 ./MCAL/UART/UART_Lcfg.o
 .debug_aranges
                0x00000318       0x88 ./MCAL/UART/UART_program.o
 .debug_aranges
                0x000003a0       0x20 ./Startup/System_Init.o
 .debug_aranges
                0x000003c0       0x28 ./Startup/startup_stm32f401retx.o

.debug_rnglists
                0x00000000      0x2c1
 .debug_rnglists
                0x00000000       0x58 ./APP/bootloader.o
 .debug_rnglists
                0x00000058       0x13 ./APP/main.o
 .debug_rnglists
                0x0000006b       0x1f ./MCAL/CRC/CRC_program.o
 .debug_rnglists
                0x0000008a       0x32 ./MCAL/FPEC/FPEC_program.o
 .debug_rnglists
                0x000000bc       0x76 ./MCAL/GPIO/GPIO_program.o
 .debug_rnglists
                0x00000132       0x49 ./MCAL/NVIC/NVIC_program.o
 .debug_rnglists
                0x0000017b       0x52 ./MCAL/RCC/RCC_program.o
 .debug_rnglists
                0x000001cd       0x63 ./MCAL/SYSTICK/SYSTICK_program.o
 .debug_rnglists
                0x00000230       0x65 ./MCAL/UART/UART_program.o
 .debug_rnglists
                0x00000295       0x13 ./Startup/System_Init.o
 .debug_rnglists
                0x000002a8       0x19 ./Startup/startup_stm32f401retx.o

.debug_macro    0x00000000     0x26a1
 .debug_macro   0x00000000      0x1fc ./APP/bootloader.o
 .debug_macro   0x000001fc      0xade ./APP/bootloader.o
 .debug_macro   0x00000cda       0x22 ./APP/bootloader.o
 .debug_macro   0x00000cfc       0x5b ./APP/bootloader.o
 .debug_macro   0x00000d57       0x2a ./APP/bootloader.o
 .debug_macro   0x00000d81       0x94 ./APP/bootloader.o
 .debug_macro   0x00000e15       0x43 ./APP/bootloader.o
 .debug_macro   0x00000e58       0x34 ./APP/bootloader.o
 .debug_macro   0x00000e8c      0x190 ./APP/bootloader.o
 .debug_macro   0x0000101c       0x57 ./APP/bootloader.o
 .debug_macro   0x00001073      0x370 ./APP/bootloader.o
 .debug_macro   0x000013e3       0x16 ./APP/bootloader.o
 .debug_macro   0x000013f9       0x4a ./APP/bootloader.o
 .debug_macro   0x00001443       0x34 ./APP/bootloader.o
 .debug_macro   0x00001477       0x10 ./APP/bootloader.o
 .debug_macro   0x00001487       0x58 ./APP/bootloader.o
 .debug_macro   0x000014df       0x8e ./APP/bootloader.o
 .debug_macro   0x0000156d       0x1c ./APP/bootloader.o
 .debug_macro   0x00001589      0x185 ./APP/bootloader.o
 .debug_macro   0x0000170e       0x10 ./APP/bootloader.o
 .debug_macro   0x0000171e       0x3c ./APP/bootloader.o
 .debug_macro   0x0000175a       0x20 ./APP/bootloader.o
 .debug_macro   0x0000177a       0x40 ./APP/bootloader.o
 .debug_macro   0x000017ba       0x16 ./APP/bootloader.o
 .debug_macro   0x000017d0       0x16 ./APP/bootloader.o
 .debug_macro   0x000017e6       0x34 ./APP/bootloader.o
 .debug_macro   0x0000181a       0xd6 ./APP/bootloader.o
 .debug_macro   0x000018f0       0x4c ./APP/bootloader.o
 .debug_macro   0x0000193c       0x52 ./APP/bootloader.o
 .debug_macro   0x0000198e       0xc4 ./APP/bootloader.o
 .debug_macro   0x00001a52       0x3a ./APP/bootloader.o
 .debug_macro   0x00001a8c       0x28 ./APP/bootloader.o
 .debug_macro   0x00001ab4       0xb2 ./APP/bootloader.o
 .debug_macro   0x00001b66      0x206 ./APP/main.o
 .debug_macro   0x00001d6c       0x5d ./MCAL/CRC/CRC_program.o
 .debug_macro   0x00001dc9       0x16 ./MCAL/CRC/CRC_program.o
 .debug_macro   0x00001ddf       0x40 ./MCAL/FPEC/FPEC_program.o
 .debug_macro   0x00001e1f       0x40 ./MCAL/FPEC/FPEC_program.o
 .debug_macro   0x00001e5f       0x45 ./MCAL/GPIO/GPIO_program.o
 .debug_macro   0x00001ea4      0x1f0 ./MCAL/GPIO/GPIO_program.o
 .debug_macro   0x00002094       0x53 ./MCAL/NVIC/NVIC_program.o
 .debug_macro   0x000020e7       0x22 ./MCAL/NVIC/NVIC_program.o
 .debug_macro   0x00002109       0x16 ./MCAL/NVIC/NVIC_program.o
 .debug_macro   0x0000211f       0x44 ./MCAL/RCC/RCC_program.o
 .debug_macro   0x00002163      0x2b1 ./MCAL/RCC/RCC_program.o
 .debug_macro   0x00002414       0x3f ./MCAL/SYSTICK/SYSTICK_program.o
 .debug_macro   0x00002453       0x22 ./MCAL/SYSTICK/SYSTICK_program.o
 .debug_macro   0x00002475       0x76 ./MCAL/SYSTICK/SYSTICK_program.o
 .debug_macro   0x000024eb       0xbe ./MCAL/UART/UART_Lcfg.o
 .debug_macro   0x000025a9       0xb4 ./MCAL/UART/UART_program.o
 .debug_macro   0x0000265d       0x44 ./Startup/System_Init.o

.debug_line     0x00000000     0x3350
 .debug_line    0x00000000      0xd6b ./APP/bootloader.o
 .debug_line    0x00000d6b      0xaa6 ./APP/main.o
 .debug_line    0x00001811      0x1c0 ./MCAL/CRC/CRC_program.o
 .debug_line    0x000019d1      0x1b1 ./MCAL/FPEC/FPEC_program.o
 .debug_line    0x00001b82      0x4f4 ./MCAL/GPIO/GPIO_program.o
 .debug_line    0x00002076      0x28f ./MCAL/NVIC/NVIC_program.o
 .debug_line    0x00002305      0x284 ./MCAL/RCC/RCC_program.o
 .debug_line    0x00002589      0x33e ./MCAL/SYSTICK/SYSTICK_program.o
 .debug_line    0x000028c7      0x258 ./MCAL/UART/UART_Lcfg.o
 .debug_line    0x00002b1f      0x689 ./MCAL/UART/UART_program.o
 .debug_line    0x000031a8      0x12d ./Startup/System_Init.o
 .debug_line    0x000032d5       0x7b ./Startup/startup_stm32f401retx.o

.debug_str      0x00000000     0xb62e
 .debug_str     0x00000000     0xb62e ./APP/bootloader.o
                               0x8035 (size before relaxing)
 .debug_str     0x0000b62e     0x7ce6 ./APP/main.o
 .debug_str     0x0000b62e     0x342d ./MCAL/CRC/CRC_program.o
 .debug_str     0x0000b62e     0x32f9 ./MCAL/FPEC/FPEC_program.o
 .debug_str     0x0000b62e     0x487c ./MCAL/GPIO/GPIO_program.o
 .debug_str     0x0000b62e     0x374b ./MCAL/NVIC/NVIC_program.o
 .debug_str     0x0000b62e     0x43c9 ./MCAL/RCC/RCC_program.o
 .debug_str     0x0000b62e     0x3611 ./MCAL/SYSTICK/SYSTICK_program.o
 .debug_str     0x0000b62e     0x3f86 ./MCAL/UART/UART_Lcfg.o
 .debug_str     0x0000b62e     0x4787 ./MCAL/UART/UART_program.o
 .debug_str     0x0000b62e     0x335c ./Startup/System_Init.o
 .debug_str     0x0000b62e       0x77 ./Startup/startup_stm32f401retx.o

.comment        0x00000000       0x43
 .comment       0x00000000       0x43 ./APP/bootloader.o
                                 0x44 (size before relaxing)
 .comment       0x00000043       0x44 ./APP/main.o
 .comment       0x00000043       0x44 ./MCAL/CRC/CRC_program.o
 .comment       0x00000043       0x44 ./MCAL/FPEC/FPEC_program.o
 .comment       0x00000043       0x44 ./MCAL/GPIO/GPIO_program.o
 .comment       0x00000043       0x44 ./MCAL/NVIC/NVIC_program.o
 .comment       0x00000043       0x44 ./MCAL/RCC/RCC_program.o
 .comment       0x00000043       0x44 ./MCAL/SYSTICK/SYSTICK_program.o
 .comment       0x00000043       0x44 ./MCAL/UART/UART_Lcfg.o
 .comment       0x00000043       0x44 ./MCAL/UART/UART_program.o
 .comment       0x00000043       0x44 ./Startup/System_Init.o

.debug_frame    0x00000000      0xe54
 .debug_frame   0x00000000      0x1bc ./APP/bootloader.o
 .debug_frame   0x000001bc       0x2c ./APP/main.o
 .debug_frame   0x000001e8       0x74 ./MCAL/CRC/CRC_program.o
 .debug_frame   0x0000025c       0xe0 ./MCAL/FPEC/FPEC_program.o
 .debug_frame   0x0000033c      0x268 ./MCAL/GPIO/GPIO_program.o
 .debug_frame   0x000005a4      0x190 ./MCAL/NVIC/NVIC_program.o
 .debug_frame   0x00000734      0x18c ./MCAL/RCC/RCC_program.o
 .debug_frame   0x000008c0      0x210 ./MCAL/SYSTICK/SYSTICK_program.o
 .debug_frame   0x00000ad0      0x1ec ./MCAL/UART/UART_program.o
 .debug_frame   0x00000cbc       0x2c ./Startup/System_Init.o
 .debug_frame   0x00000ce8       0x20 /opt/st/stm32cubeide_1.18.1/plugins/com.st.stm32cube.ide.mcu.externaltools.gnu-tools-for-stm32.13.3.rel1.linux64_1.0.0.202410170706/tools/bin/../lib/gcc/arm-none-eabi/13.3.1/../../../../arm-none-eabi/lib/thumb/v7e-m+fp/hard/libc_nano.a(libc_a-memset.o)
 .debug_frame   0x00000d08       0x2c /opt/st/stm32cubeide_1.18.1/plugins/com.st.stm32cube.ide.mcu.externaltools.gnu-tools-for-stm32.13.3.rel1.linux64_1.0.0.202410170706/tools/bin/../lib/gcc/arm-none-eabi/13.3.1/../../../../arm-none-eabi/lib/thumb/v7e-m+fp/hard/libc_nano.a(libc_a-init.o)
 .debug_frame   0x00000d34       0xac /opt/st/stm32cubeide_1.18.1/plugins/com.st.stm32cube.ide.mcu.externaltools.gnu-tools-for-stm32.13.3.rel1.linux64_1.0.0.202410170706/tools/bin/../lib/gcc/arm-none-eabi/13.3.1/thumb/v7e-m+fp/hard/libgcc.a(_arm_addsubdf3.o)
 .debug_frame   0x00000de0       0x50 /opt/st/stm32cubeide_1.18.1/plugins/com.st.stm32cube.ide.mcu.externaltools.gnu-tools-for-stm32.13.3.rel1.linux64_1.0.0.202410170706/tools/bin/../lib/gcc/arm-none-eabi/13.3.1/thumb/v7e-m+fp/hard/libgcc.a(_arm_muldivdf3.o)
 .debug_frame   0x00000e30       0x24 /opt/st/stm32cubeide_1.18.1/plugins/com.st.stm32cube.ide.mcu.externaltools.gnu-tools-for-stm32.13.3.rel1.linux64_1.0.0.202410170706/tools/bin/../lib/gcc/arm-none-eabi/13.3.1/thumb/v7e-m+fp/hard/libgcc.a(_arm_fixunsdfsi.o)

.debug_line_str
                0x00000000       0x5b
 .debug_line_str
                0x00000000       0x5b ./Startup/startup_stm32f401retx.o
