Archive member included to satisfy reference by file (symbol)

/opt/st/stm32cubeide_1.18.1/plugins/com.st.stm32cube.ide.mcu.externaltools.gnu-tools-for-stm32.13.3.rel1.linux64_1.0.0.202410170706/tools/bin/../lib/gcc/arm-none-eabi/13.3.1/../../../../arm-none-eabi/lib/thumb/v7e-m+fp/hard/libc_nano.a(libc_a-exit.o)
                              /opt/st/stm32cubeide_1.18.1/plugins/com.st.stm32cube.ide.mcu.externaltools.gnu-tools-for-stm32.13.3.rel1.linux64_1.0.0.202410170706/tools/bin/../lib/gcc/arm-none-eabi/13.3.1/../../../../arm-none-eabi/lib/thumb/v7e-m+fp/hard/crt0.o (exit)
/opt/st/stm32cubeide_1.18.1/plugins/com.st.stm32cube.ide.mcu.externaltools.gnu-tools-for-stm32.13.3.rel1.linux64_1.0.0.202410170706/tools/bin/../lib/gcc/arm-none-eabi/13.3.1/../../../../arm-none-eabi/lib/thumb/v7e-m+fp/hard/libc_nano.a(libc_a-findfp.o)
                              /opt/st/stm32cubeide_1.18.1/plugins/com.st.stm32cube.ide.mcu.externaltools.gnu-tools-for-stm32.13.3.rel1.linux64_1.0.0.202410170706/tools/bin/../lib/gcc/arm-none-eabi/13.3.1/../../../../arm-none-eabi/lib/thumb/v7e-m+fp/hard/libc_nano.a(libc_a-exit.o) (__stdio_exit_handler)
/opt/st/stm32cubeide_1.18.1/plugins/com.st.stm32cube.ide.mcu.externaltools.gnu-tools-for-stm32.13.3.rel1.linux64_1.0.0.202410170706/tools/bin/../lib/gcc/arm-none-eabi/13.3.1/../../../../arm-none-eabi/lib/thumb/v7e-m+fp/hard/libc_nano.a(libc_a-fwalk.o)
                              /opt/st/stm32cubeide_1.18.1/plugins/com.st.stm32cube.ide.mcu.externaltools.gnu-tools-for-stm32.13.3.rel1.linux64_1.0.0.202410170706/tools/bin/../lib/gcc/arm-none-eabi/13.3.1/../../../../arm-none-eabi/lib/thumb/v7e-m+fp/hard/libc_nano.a(libc_a-findfp.o) (_fwalk_sglue)
/opt/st/stm32cubeide_1.18.1/plugins/com.st.stm32cube.ide.mcu.externaltools.gnu-tools-for-stm32.13.3.rel1.linux64_1.0.0.202410170706/tools/bin/../lib/gcc/arm-none-eabi/13.3.1/../../../../arm-none-eabi/lib/thumb/v7e-m+fp/hard/libc_nano.a(libc_a-stdio.o)
                              /opt/st/stm32cubeide_1.18.1/plugins/com.st.stm32cube.ide.mcu.externaltools.gnu-tools-for-stm32.13.3.rel1.linux64_1.0.0.202410170706/tools/bin/../lib/gcc/arm-none-eabi/13.3.1/../../../../arm-none-eabi/lib/thumb/v7e-m+fp/hard/libc_nano.a(libc_a-findfp.o) (__sread)
/opt/st/stm32cubeide_1.18.1/plugins/com.st.stm32cube.ide.mcu.externaltools.gnu-tools-for-stm32.13.3.rel1.linux64_1.0.0.202410170706/tools/bin/../lib/gcc/arm-none-eabi/13.3.1/../../../../arm-none-eabi/lib/thumb/v7e-m+fp/hard/libc_nano.a(libc_a-memset.o)
                              /opt/st/stm32cubeide_1.18.1/plugins/com.st.stm32cube.ide.mcu.externaltools.gnu-tools-for-stm32.13.3.rel1.linux64_1.0.0.202410170706/tools/bin/../lib/gcc/arm-none-eabi/13.3.1/../../../../arm-none-eabi/lib/thumb/v7e-m+fp/hard/crt0.o (memset)
/opt/st/stm32cubeide_1.18.1/plugins/com.st.stm32cube.ide.mcu.externaltools.gnu-tools-for-stm32.13.3.rel1.linux64_1.0.0.202410170706/tools/bin/../lib/gcc/arm-none-eabi/13.3.1/../../../../arm-none-eabi/lib/thumb/v7e-m+fp/hard/libc_nano.a(libc_a-closer.o)
                              /opt/st/stm32cubeide_1.18.1/plugins/com.st.stm32cube.ide.mcu.externaltools.gnu-tools-for-stm32.13.3.rel1.linux64_1.0.0.202410170706/tools/bin/../lib/gcc/arm-none-eabi/13.3.1/../../../../arm-none-eabi/lib/thumb/v7e-m+fp/hard/libc_nano.a(libc_a-stdio.o) (_close_r)
/opt/st/stm32cubeide_1.18.1/plugins/com.st.stm32cube.ide.mcu.externaltools.gnu-tools-for-stm32.13.3.rel1.linux64_1.0.0.202410170706/tools/bin/../lib/gcc/arm-none-eabi/13.3.1/../../../../arm-none-eabi/lib/thumb/v7e-m+fp/hard/libc_nano.a(libc_a-reent.o)
                              /opt/st/stm32cubeide_1.18.1/plugins/com.st.stm32cube.ide.mcu.externaltools.gnu-tools-for-stm32.13.3.rel1.linux64_1.0.0.202410170706/tools/bin/../lib/gcc/arm-none-eabi/13.3.1/../../../../arm-none-eabi/lib/thumb/v7e-m+fp/hard/libc_nano.a(libc_a-closer.o) (errno)
/opt/st/stm32cubeide_1.18.1/plugins/com.st.stm32cube.ide.mcu.externaltools.gnu-tools-for-stm32.13.3.rel1.linux64_1.0.0.202410170706/tools/bin/../lib/gcc/arm-none-eabi/13.3.1/../../../../arm-none-eabi/lib/thumb/v7e-m+fp/hard/libc_nano.a(libc_a-impure.o)
                              /opt/st/stm32cubeide_1.18.1/plugins/com.st.stm32cube.ide.mcu.externaltools.gnu-tools-for-stm32.13.3.rel1.linux64_1.0.0.202410170706/tools/bin/../lib/gcc/arm-none-eabi/13.3.1/../../../../arm-none-eabi/lib/thumb/v7e-m+fp/hard/libc_nano.a(libc_a-reent.o) (_impure_ptr)
/opt/st/stm32cubeide_1.18.1/plugins/com.st.stm32cube.ide.mcu.externaltools.gnu-tools-for-stm32.13.3.rel1.linux64_1.0.0.202410170706/tools/bin/../lib/gcc/arm-none-eabi/13.3.1/../../../../arm-none-eabi/lib/thumb/v7e-m+fp/hard/libc_nano.a(libc_a-lseekr.o)
                              /opt/st/stm32cubeide_1.18.1/plugins/com.st.stm32cube.ide.mcu.externaltools.gnu-tools-for-stm32.13.3.rel1.linux64_1.0.0.202410170706/tools/bin/../lib/gcc/arm-none-eabi/13.3.1/../../../../arm-none-eabi/lib/thumb/v7e-m+fp/hard/libc_nano.a(libc_a-stdio.o) (_lseek_r)
[...]
Memory Configuration

Name             Origin             Length             Attributes
RAM              0x20000000         0x00018000         xrw
FLASH            0x08000000         0x00080000         xr
*default*        0x00000000         0xffffffff

Linker script and memory map

LOAD /opt/st/stm32cubeide_1.18.1/plugins/com.st.stm32cube.ide.mcu.externaltools.gnu-tools-for-stm32.13.3.rel1.linux64_1.0.0.202410170706/tools/bin/../lib/gcc/arm-none-eabi/13.3.1/thumb/v7e-m+fp/hard/crti.o
LOAD /opt/st/stm32cubeide_1.18.1/plugins/com.st.stm32cube.ide.mcu.externaltools.gnu-tools-for-stm32.13.3.rel1.linux64_1.0.0.202410170706/tools/bin/../lib/gcc/arm-none-eabi/13.3.1/thumb/v7e-m+fp/hard/crtbegin.o
LOAD /opt/st/stm32cubeide_1.18.1/plugins/com.st.stm32cube.ide.mcu.externaltools.gnu-tools-for-stm32.13.3.rel1.linux64_1.0.0.202410170706/tools/bin/../lib/gcc/arm-none-eabi/13.3.1/../../../../arm-none-eabi/lib/thumb/v7e-m+fp/hard/crt0.o
LOAD ./APP/bootloader.o
LOAD ./APP/main.o
LOAD ./LIB/syscalls.o
LOAD ./LIB/sysmem.o
LOAD ./MCAL/CRC/CRC_program.o
LOAD ./MCAL/FPEC/FPEC_program.o
LOAD ./MCAL/GPIO/GPIO_program.o
LOAD ./MCAL/NVIC/NVIC_program.o
LOAD ./MCAL/RCC/RCC_program.o
LOAD ./MCAL/SCB/SCB_program.o
LOAD ./MCAL/SYSTICK/SYSTICK_program.o
LOAD ./MCAL/UART/UART_Lcfg.o
LOAD ./MCAL/UART/UART_program.o
LOAD ./Startup/System_Init.o
LOAD ./Startup/startup_stm32f401retx.o
START GROUP
LOAD /opt/st/stm32cubeide_1.18.1/plugins/com.st.stm32cube.ide.mcu.externaltools.gnu-tools-for-stm32.13.3.rel1.linux64_1.0.0.202410170706/tools/bin/../lib/gcc/arm-none-eabi/13.3.1/../../../../arm-none-eabi/lib/thumb/v7e-m+fp/hard/libc_nano.a
LOAD /opt/st/stm32cubeide_1.18.1/plugins/com.st.stm32cube.ide.mcu.externaltools.gnu-tools-for-stm32.13.3.rel1.linux64_1.0.0.202410170706/tools/bin/../lib/gcc/arm-none-eabi/13.3.1/../../../../arm-none-eabi/lib/thumb/v7e-m+fp/hard/libm.a
END GROUP
START GROUP
LOAD /opt/st/stm32cubeide_1.18.1/plugins/com.st.stm32cube.ide.mcu.externaltools.gnu-tools-for-stm32.13.3.rel1.linux64_1.0.0.202410170706/tools/bin/../lib/gcc/arm-none-eabi/13.3.1/thumb/v7e-m+fp/hard/libgcc.a
LOAD /opt/st/stm32cubeide_1.18.1/plugins/com.st.stm32cube.ide.mcu.externaltools.gnu-tools-for-stm32.13.3.rel1.linux64_1.0.0.202410170706/tools/bin/../lib/gcc/arm-none-eabi/13.3.1/../../../../arm-none-eabi/lib/thumb/v7e-m+fp/hard/libc_nano.a
END GROUP
START GROUP
LOAD /opt/st/stm32cubeide_1.18.1/plugins/com.st.stm32cube.ide.mcu.externaltools.gnu-tools-for-stm32.13.3.rel1.linux64_1.0.0.202410170706/tools/bin/../lib/gcc/arm-none-eabi/13.3.1/thumb/v7e-m+fp/hard/libgcc.a
LOAD /opt/st/stm32cubeide_1.18.1/plugins/com.st.stm32cube.ide.mcu.externaltools.gnu-tools-for-stm32.13.3.rel1.linux64_1.0.0.202410170706/tools/bin/../lib/gcc/arm-none-eabi/13.3.1/../../../../arm-none-eabi/lib/thumb/v7e-m+fp/hard/libc_nano.a
LOAD /opt/st/stm32cubeide_1.18.1/plugins/com.st.stm32cube.ide.mcu.externaltools.gnu-tools-for-stm32.13.3.rel1.linux64_1.0.0.202410170706/tools/bin/../lib/gcc/arm-none-eabi/13.3.1/../../../../arm-none-eabi/lib/thumb/v7e-m+fp/hard/libnosys.a
END GROUP
START GROUP
LOAD /opt/st/stm32cubeide_1.18.1/plugins/com.st.stm32cube.ide.mcu.externaltools.gnu-tools-for-stm32.13.3.rel1.linux64_1.0.0.202410170706/tools/bin/../lib/gcc/arm-none-eabi/13.3.1/thumb/v7e-m+fp/hard/libgcc.a
LOAD /opt/st/stm32cubeide_1.18.1/plugins/com.st.stm32cube.ide.mcu.externaltools.gnu-tools-for-stm32.13.3.rel1.linux64_1.0.0.202410170706/tools/bin/../lib/gcc/arm-none-eabi/13.3.1/../../../../arm-none-eabi/lib/thumb/v7e-m+fp/hard/libc_nano.a
LOAD /opt/st/stm32cubeide_1.18.1/plugins/com.st.stm32cube.ide.mcu.externaltools.gnu-tools-for-stm32.13.3.rel1.linux64_1.0.0.202410170706/tools/bin/../lib/gcc/arm-none-eabi/13.3.1/../../../../arm-none-eabi/lib/thumb/v7e-m+fp/hard/libnosys.a
END GROUP
LOAD /opt/st/stm32cubeide_1.18.1/plugins/com.st.stm32cube.ide.mcu.externaltools.gnu-tools-for-stm32.13.3.rel1.linux64_1.0.0.202410170706/tools/bin/../lib/gcc/arm-none-eabi/13.3.1/thumb/v7e-m+fp/hard/crtend.o
LOAD /opt/st/stm32cubeide_1.18.1/plugins/com.st.stm32cube.ide.mcu.externaltools.gnu-tools-for-stm32.13.3.rel1.linux64_1.0.0.202410170706/tools/bin/../lib/gcc/arm-none-eabi/13.3.1/thumb/v7e-m+fp/hard/crtn.o
                0x20018000                        _estack = (ORIGIN (RAM) + LENGTH (RAM))
                0x00000200                        _Min_Heap_Size = 0x200
                0x00000400                        _Min_Stack_Size = 0x400

.isr_vector     0x08000000      0x194
                0x08000000                        . = ALIGN (0x4)
 *(.isr_vector)
 .isr_vector    0x08000000      0x194 ./Startup/startup_stm32f401retx.o
                0x08000000                g_pfnVectors
                0x08000194                        . = ALIGN (0x4)

.text           0x08000198     0x15ec
                0x08000198                        . = ALIGN (0x4)
 *(.text)
 .text          0x08000198       0x40 /opt/st/stm32cubeide_1.18.1/plugins/com.st.stm32cube.ide.mcu.externaltools.gnu-tools-for-stm32.13.3.rel1.linux64_1.0.0.202410170706/tools/bin/../lib/gcc/arm-none-eabi/13.3.1/thumb/v7e-m+fp/hard/crtbegin.o
 .text          0x080001d8      0x378 /opt/st/stm32cubeide_1.18.1/plugins/com.st.stm32cube.ide.mcu.externaltools.gnu-tools-for-stm32.13.3.rel1.linux64_1.0.0.202410170706/tools/bin/../lib/gcc/arm-none-eabi/13.3.1/thumb/v7e-m+fp/hard/libgcc.a(_arm_addsubdf3.o)
                0x080001d8                __aeabi_drsub
                0x080001e0                __aeabi_dsub
                0x080001e0                __subdf3
                0x080001e4                __adddf3
                0x080001e4                __aeabi_dadd
                0x0800045c                __aeabi_ui2d
                0x0800045c                __floatunsidf
                0x0800047c                __floatsidf
                0x0800047c                __aeabi_i2d
                0x080004a0                __extendsfdf2
                0x080004a0                __aeabi_f2d
                0x080004e4                __aeabi_ul2d
                0x080004e4                __floatundidf
                0x080004f4                __floatdidf
                0x080004f4                __aeabi_l2d
 .text          0x08000550      0x424 /opt/st/stm32cubeide_1.18.1/plugins/com.st.stm32cube.ide.mcu.externaltools.gnu-tools-for-stm32.13.3.rel1.linux64_1.0.0.202410170706/tools/bin/../lib/gcc/arm-none-eabi/13.3.1/thumb/v7e-m+fp/hard/libgcc.a(_arm_muldivdf3.o)
                0x08000550                __aeabi_dmul
                0x08000550                __muldf3
                0x080007a4                __aeabi_ddiv
                0x080007a4                __divdf3
 .text          0x08000974       0x40 /opt/st/stm32cubeide_1.18.1/plugins/com.st.stm32cube.ide.mcu.externaltools.gnu-tools-for-stm32.13.3.rel1.linux64_1.0.0.202410170706/tools/bin/../lib/gcc/arm-none-eabi/13.3.1/thumb/v7e-m+fp/hard/libgcc.a(_arm_fixunsdfsi.o)
                0x08000974                __fixunsdfsi
                0x08000974                __aeabi_d2uiz
 *(.text*)
 .text.main     0x080009b4       0x24 ./APP/main.o
                0x080009b4                main
 .text.FLASH_UNLOCK
                0x080009d8       0x28 ./MCAL/FPEC/FPEC_program.o
 .text.FLASH_LOCK
                0x08000a00       0x20 ./MCAL/FPEC/FPEC_program.o
 .text.WAIT_FOR_BSY
                0x08000a20       0x24 ./MCAL/FPEC/FPEC_program.o
 .text.FPEC_Write
                0x08000a44       0x70 ./MCAL/FPEC/FPEC_program.o
                0x08000a44                FPEC_Write
 .text.GPIO_voidSetPinMode
                0x08000ab4      0x144 ./MCAL/GPIO/GPIO_program.o
                0x08000ab4                GPIO_voidSetPinMode
 .text.GPIO_voidSetPinAlternateFunction
                0x08000bf8      0x27c ./MCAL/GPIO/GPIO_program.o
                0x08000bf8                GPIO_voidSetPinAlternateFunction
 .text.MNVIC_voidEnableIRQ
                0x08000e74       0x3c ./MCAL/NVIC/NVIC_program.o
                0x08000e74                MNVIC_voidEnableIRQ
 .text.RCC_void_HSI_Init
                0x08000eb0       0x60 ./MCAL/RCC/RCC_program.o
 .text.RCC_void_AHB1Prescaler_Init
                0x08000f10       0x28 ./MCAL/RCC/RCC_program.o
 .text.RCC_void_APB1Prescaler_Init
                0x08000f38       0x2c ./MCAL/RCC/RCC_program.o
 .text.RCC_void_APB2Prescaler_Init
                0x08000f64       0x28 ./MCAL/RCC/RCC_program.o
 .text.RCC_voidInit
                0x08000f8c       0x18 ./MCAL/RCC/RCC_program.o
                0x08000f8c                RCC_voidInit
 .text.RCC_voidEnablePeripheralClock
                0x08000fa4       0x80 ./MCAL/RCC/RCC_program.o
                0x08000fa4                RCC_voidEnablePeripheralClock
 .text.MSysTick_voidInit
                0x08001024       0x38 ./MCAL/SYSTICK/SYSTICK_program.o
                0x08001024                MSysTick_voidInit
 .text.MSysTick_voidDeInit
                0x0800105c       0x38 ./MCAL/SYSTICK/SYSTICK_program.o
                0x0800105c                MSysTick_voidDeInit
 .text.SysTick_Handler
                0x08001094       0x2c ./MCAL/SYSTICK/SYSTICK_program.o
                0x08001094                SysTick_Handler
 .text.UART_ClockEnable
                0x080010c0       0x58 ./MCAL/UART/UART_program.o
 .text.UART_voidGPIOConfig
                0x08001118       0xc0 ./MCAL/UART/UART_program.o
 .text.UART_SetBaudRate
                0x080011d8      0x21c ./MCAL/UART/UART_program.o
 .text.UART_TC_INT_Init
                0x080013f4       0x98 ./MCAL/UART/UART_program.o
 .text.UART_RXNE_INT_Init
                0x0800148c       0x98 ./MCAL/UART/UART_program.o
 .text.UART_voidInit
                0x08001524       0x7c ./MCAL/UART/UART_program.o
                0x08001524                UART_voidInit
 .text.USART1_IRQHandler
                0x080015a0       0x60 ./MCAL/UART/UART_program.o
                0x080015a0                USART1_IRQHandler
 .text.USART2_IRQHandler
                0x08001600       0x60 ./MCAL/UART/UART_program.o
                0x08001600                USART2_IRQHandler
 .text.USART6_IRQHandler
                0x08001660       0x60 ./MCAL/UART/UART_program.o
                0x08001660                USART6_IRQHandler
 .text.SystemInit
                0x080016c0       0x10 ./Startup/System_Init.o
                0x080016c0                SystemInit
 .text.Reset_Handler
                0x080016d0       0x50 ./Startup/startup_stm32f401retx.o
                0x080016d0                Reset_Handler
 .text.Default_Handler
                0x08001720        0x2 ./Startup/startup_stm32f401retx.o
                0x08001720                EXTI2_IRQHandler
                0x08001720                DebugMon_Handler
                0x08001720                SPI4_IRQHandler
                0x08001720                TIM1_CC_IRQHandler
                0x08001720                DMA2_Stream5_IRQHandler
                0x08001720                HardFault_Handler
                0x08001720                DMA1_Stream5_IRQHandler
                0x08001720                SDIO_IRQHandler
                0x08001720                TAMP_STAMP_IRQHandler
                0x08001720                PendSV_Handler
                0x08001720                NMI_Handler
                0x08001720                EXTI3_IRQHandler
                0x08001720                TIM1_UP_TIM10_IRQHandler
                0x08001720                I2C3_ER_IRQHandler
                0x08001720                EXTI18_OTG_FS_WKUP_IRQHandler
                0x08001720                EXTI0_IRQHandler
                0x08001720                I2C2_EV_IRQHandler
                0x08001720                DMA1_Stream2_IRQHandler
                0x08001720                UsageFault_Handler
                0x08001720                DMA2_Stream2_IRQHandler
                0x08001720                SPI1_IRQHandler
                0x08001720                TIM1_BRK_TIM9_IRQHandler
                0x08001720                DMA2_Stream3_IRQHandler
                0x08001720                DMA2_Stream0_IRQHandler
                0x08001720                TIM4_IRQHandler
                0x08001720                I2C1_EV_IRQHandler
                0x08001720                DMA1_Stream6_IRQHandler
                0x08001720                DMA1_Stream1_IRQHandler
                0x08001720                TIM3_IRQHandler
                0x08001720                RCC_IRQHandler
                0x08001720                Default_Handler
                0x08001720                EXTI15_10_IRQHandler
                0x08001720                ADC_IRQHandler
                0x08001720                DMA1_Stream7_IRQHandler
                0x08001720                TIM5_IRQHandler
                0x08001720                DMA2_Stream7_IRQHandler
                0x08001720                I2C3_EV_IRQHandler
                0x08001720                EXTI9_5_IRQHandler
                0x08001720                SPI2_IRQHandler
                0x08001720                MemManage_Handler
                0x08001720                DMA1_Stream0_IRQHandler
                0x08001720                SVC_Handler
                0x08001720                EXTI4_IRQHandler
                0x08001720                EXTI22_RTC_WKUP_IRQHandler
                0x08001720                TIM2_IRQHandler
                0x08001720                EXTI16_PVD_IRQHandler
                0x08001720                TIM1_TRG_COM_TIM11_IRQHandler
                0x08001720                EXTI1_IRQHandler
                0x08001720                EXTI17_RTC_Alarm_IRQHandler
                0x08001720                I2C2_ER_IRQHandler
                0x08001720                DMA2_Stream1_IRQHandler
                0x08001720                FLASH_IRQHandler
                0x08001720                DMA2_Stream4_IRQHandler
                0x08001720                BusFault_Handler
                0x08001720                OTG_FS_IRQHandler
                0x08001720                SPI3_IRQHandler
                0x08001720                DMA1_Stream4_IRQHandler
                0x08001720                I2C1_ER_IRQHandler
                0x08001720                DMA2_Stream6_IRQHandler
                0x08001720                DMA1_Stream3_IRQHandler
 *fill*         0x08001722        0x2 
 .text.__libc_init_array
                0x08001724       0x48 /opt/st/stm32cubeide_1.18.1/plugins/com.st.stm32cube.ide.mcu.externaltools.gnu-tools-for-stm32.13.3.rel1.linux64_1.0.0.202410170706/tools/bin/../lib/gcc/arm-none-eabi/13.3.1/../../../../arm-none-eabi/lib/thumb/v7e-m+fp/hard/libc_nano.a(libc_a-init.o)
                0x08001724                __libc_init_array
 *(.glue_7)
 .glue_7        0x0800176c        0x0 linker stubs
 *(.glue_7t)
 .glue_7t       0x0800176c        0x0 linker stubs
 *(.eh_frame)
 .eh_frame      0x0800176c        0x0 /opt/st/stm32cubeide_1.18.1/plugins/com.st.stm32cube.ide.mcu.externaltools.gnu-tools-for-stm32.13.3.rel1.linux64_1.0.0.202410170706/tools/bin/../lib/gcc/arm-none-eabi/13.3.1/thumb/v7e-m+fp/hard/crtbegin.o
 *(.init)
 .init          0x0800176c        0x4 /opt/st/stm32cubeide_1.18.1/plugins/com.st.stm32cube.ide.mcu.externaltools.gnu-tools-for-stm32.13.3.rel1.linux64_1.0.0.202410170706/tools/bin/../lib/gcc/arm-none-eabi/13.3.1/thumb/v7e-m+fp/hard/crti.o
                0x0800176c                _init
 .init          0x08001770        0x8 /opt/st/stm32cubeide_1.18.1/plugins/com.st.stm32cube.ide.mcu.externaltools.gnu-tools-for-stm32.13.3.rel1.linux64_1.0.0.202410170706/tools/bin/../lib/gcc/arm-none-eabi/13.3.1/thumb/v7e-m+fp/hard/crtn.o
 *(.fini)
 .fini          0x08001778        0x4 /opt/st/stm32cubeide_1.18.1/plugins/com.st.stm32cube.ide.mcu.externaltools.gnu-tools-for-stm32.13.3.rel1.linux64_1.0.0.202410170706/tools/bin/../lib/gcc/arm-none-eabi/13.3.1/thumb/v7e-m+fp/hard/crti.o
                0x08001778                _fini
 .fini          0x0800177c        0x8 /opt/st/stm32cubeide_1.18.1/plugins/com.st.stm32cube.ide.mcu.externaltools.gnu-tools-for-stm32.13.3.rel1.linux64_1.0.0.202410170706/tools/bin/../lib/gcc/arm-none-eabi/13.3.1/thumb/v7e-m+fp/hard/crtn.o
                0x08001784                        . = ALIGN (0x4)
                0x08001784                        _etext = .

.vfp11_veneer   0x08001784        0x0
 .vfp11_veneer  0x08001784        0x0 linker stubs

.v4_bx          0x08001784        0x0
 .v4_bx         0x08001784        0x0 linker stubs

.iplt           0x08001784        0x0
 .iplt          0x08001784        0x0 /opt/st/stm32cubeide_1.18.1/plugins/com.st.stm32cube.ide.mcu.externaltools.gnu-tools-for-stm32.13.3.rel1.linux64_1.0.0.202410170706/tools/bin/../lib/gcc/arm-none-eabi/13.3.1/thumb/v7e-m+fp/hard/crtbegin.o

.rodata         0x08001784        0x0
                0x08001784                        . = ALIGN (0x4)
 *(.rodata)
 *(.rodata*)
                0x08001784                        . = ALIGN (0x4)

.ARM.extab      0x08001784        0x0
                0x08001784                        . = ALIGN (0x4)
 *(.ARM.extab* .gnu.linkonce.armextab.*)
                0x08001784                        . = ALIGN (0x4)

.ARM            0x08001784        0x0
                0x08001784                        . = ALIGN (0x4)
                0x08001784                        __exidx_start = .
 *(.ARM.exidx*)
                0x08001784                        __exidx_end = .
                0x08001784                        . = ALIGN (0x4)

.preinit_array  0x08001784        0x0
                0x08001784                        . = ALIGN (0x4)
                0x08001784                        PROVIDE (__preinit_array_start = .)
 *(.preinit_array*)
                0x08001784                        PROVIDE (__preinit_array_end = .)
                0x08001784                        . = ALIGN (0x4)

.init_array     0x08001784        0x4
                0x08001784                        . = ALIGN (0x4)
                0x08001784                        PROVIDE (__init_array_start = .)
 *(SORT_BY_NAME(.init_array.*))
 *(.init_array*)
 .init_array    0x08001784        0x4 /opt/st/stm32cubeide_1.18.1/plugins/com.st.stm32cube.ide.mcu.externaltools.gnu-tools-for-stm32.13.3.rel1.linux64_1.0.0.202410170706/tools/bin/../lib/gcc/arm-none-eabi/13.3.1/thumb/v7e-m+fp/hard/crtbegin.o
                0x08001788                        PROVIDE (__init_array_end = .)
                0x08001788                        . = ALIGN (0x4)

.fini_array     0x08001788        0x4
                0x08001788                        . = ALIGN (0x4)
                [!provide]                        PROVIDE (__fini_array_start = .)
 *(SORT_BY_NAME(.fini_array.*))
 *(.fini_array*)
 .fini_array    0x08001788        0x4 /opt/st/stm32cubeide_1.18.1/plugins/com.st.stm32cube.ide.mcu.externaltools.gnu-tools-for-stm32.13.3.rel1.linux64_1.0.0.202410170706/tools/bin/../lib/gcc/arm-none-eabi/13.3.1/thumb/v7e-m+fp/hard/crtbegin.o
                [!provide]                        PROVIDE (__fini_array_end = .)
                0x0800178c                        . = ALIGN (0x4)
                0x0800178c                        _sidata = LOADADDR (.data)

.rel.dyn        0x0800178c        0x0
 .rel.iplt      0x0800178c        0x0 /opt/st/stm32cubeide_1.18.1/plugins/com.st.stm32cube.ide.mcu.externaltools.gnu-tools-for-stm32.13.3.rel1.linux64_1.0.0.202410170706/tools/bin/../lib/gcc/arm-none-eabi/13.3.1/thumb/v7e-m+fp/hard/crtbegin.o

.data           0x20000000       0x28 load address 0x0800178c
                0x20000000                        . = ALIGN (0x4)
                0x20000000                        _sdata = .
 *(.data)
 *(.data*)
 .data.data     0x20000000        0x1 ./APP/main.o
                0x20000000                data
 *fill*         0x20000001        0x3 
 .data.UART1_Cfg
                0x20000004       0x24 ./MCAL/UART/UART_Lcfg.o
                0x20000004                UART1_Cfg
 *(.RamFunc)
 *(.RamFunc*)
                0x20000028                        . = ALIGN (0x4)
                0x20000028                        _edata = .

.igot.plt       0x20000028        0x0 load address 0x080017b4
 .igot.plt      0x20000028        0x0 /opt/st/stm32cubeide_1.18.1/plugins/com.st.stm32cube.ide.mcu.externaltools.gnu-tools-for-stm32.13.3.rel1.linux64_1.0.0.202410170706/tools/bin/../lib/gcc/arm-none-eabi/13.3.1/thumb/v7e-m+fp/hard/crtbegin.o
                0x20000028                        . = ALIGN (0x4)

.bss            0x20000028       0x3c load address 0x080017b4
                0x20000028                        _sbss = .
                0x20000028                        __bss_start__ = _sbss
 *(.bss)
 .bss           0x20000028       0x1c /opt/st/stm32cubeide_1.18.1/plugins/com.st.stm32cube.ide.mcu.externaltools.gnu-tools-for-stm32.13.3.rel1.linux64_1.0.0.202410170706/tools/bin/../lib/gcc/arm-none-eabi/13.3.1/thumb/v7e-m+fp/hard/crtbegin.o
 *(.bss*)
 .bss.SysTick_CallBack
                0x20000044        0x4 ./MCAL/SYSTICK/SYSTICK_program.o
                0x20000044                SysTick_CallBack
 .bss.SysTick_Mode
                0x20000048        0x1 ./MCAL/SYSTICK/SYSTICK_program.o
                0x20000048                SysTick_Mode
 *fill*         0x20000049        0x3 
 .bss.USART1_TC_INT_Callback
                0x2000004c        0x4 ./MCAL/UART/UART_program.o
 .bss.USART2_TC_INT_Callback
                0x20000050        0x4 ./MCAL/UART/UART_program.o
 .bss.USART6_TC_INT_Callback
                0x20000054        0x4 ./MCAL/UART/UART_program.o
 .bss.USART1_RXNE_INT_Callback
                0x20000058        0x4 ./MCAL/UART/UART_program.o
 .bss.USART2_RXNE_INT_Callback
                0x2000005c        0x4 ./MCAL/UART/UART_program.o
 .bss.USART6_RXNE_INT_Callback
                0x20000060        0x4 ./MCAL/UART/UART_program.o
 *(COMMON)
                0x20000064                        . = ALIGN (0x4)
                0x20000064                        _ebss = .
                0x20000064                        __bss_end__ = _ebss

._user_heap_stack
                0x20000064      0x604 load address 0x080017b4
                0x20000068                        . = ALIGN (0x8)
 *fill*         0x20000064        0x4 
                [!provide]                        PROVIDE (end = .)
                0x20000068                        PROVIDE (_end = .)
                0x20000268                        . = (. + _Min_Heap_Size)
 *fill*         0x20000068      0x200 
                0x20000668                        . = (. + _Min_Stack_Size)
 *fill*         0x20000268      0x400 
                0x20000668                        . = ALIGN (0x8)

/DISCARD/
 libc.a(*)
 libm.a(*)
 libgcc.a(*)

.ARM.attributes
                0x00000000       0x30
 *(.ARM.attributes)
 .ARM.attributes
                0x00000000       0x22 /opt/st/stm32cubeide_1.18.1/plugins/com.st.stm32cube.ide.mcu.externaltools.gnu-tools-for-stm32.13.3.rel1.linux64_1.0.0.202410170706/tools/bin/../lib/gcc/arm-none-eabi/13.3.1/thumb/v7e-m+fp/hard/crti.o
 .ARM.attributes
                0x00000022       0x34 /opt/st/stm32cubeide_1.18.1/plugins/com.st.stm32cube.ide.mcu.externaltools.gnu-tools-for-stm32.13.3.rel1.linux64_1.0.0.202410170706/tools/bin/../lib/gcc/arm-none-eabi/13.3.1/thumb/v7e-m+fp/hard/crtbegin.o
 .ARM.attributes
                0x00000056       0x34 ./APP/main.o
 .ARM.attributes
                0x0000008a       0x34 ./MCAL/FPEC/FPEC_program.o
 .ARM.attributes
                0x000000be       0x34 ./MCAL/GPIO/GPIO_program.o
 .ARM.attributes
                0x000000f2       0x34 ./MCAL/NVIC/NVIC_program.o
 .ARM.attributes
                0x00000126       0x34 ./MCAL/RCC/RCC_program.o
 .ARM.attributes
                0x0000015a       0x34 ./MCAL/SYSTICK/SYSTICK_program.o
 .ARM.attributes
                0x0000018e       0x34 ./MCAL/UART/UART_Lcfg.o
 .ARM.attributes
                0x000001c2       0x34 ./MCAL/UART/UART_program.o
 .ARM.attributes
                0x000001f6       0x34 ./Startup/System_Init.o
 .ARM.attributes
                0x0000022a       0x21 ./Startup/startup_stm32f401retx.o
 .ARM.attributes
                0x0000024b       0x34 /opt/st/stm32cubeide_1.18.1/plugins/com.st.stm32cube.ide.mcu.externaltools.gnu-tools-for-stm32.13.3.rel1.linux64_1.0.0.202410170706/tools/bin/../lib/gcc/arm-none-eabi/13.3.1/../../../../arm-none-eabi/lib/thumb/v7e-m+fp/hard/libc_nano.a(libc_a-init.o)
 .ARM.attributes
                0x0000027f       0x22 /opt/st/stm32cubeide_1.18.1/plugins/com.st.stm32cube.ide.mcu.externaltools.gnu-tools-for-stm32.13.3.rel1.linux64_1.0.0.202410170706/tools/bin/../lib/gcc/arm-none-eabi/13.3.1/thumb/v7e-m+fp/hard/libgcc.a(_arm_addsubdf3.o)
 .ARM.attributes
                0x000002a1       0x22 /opt/st/stm32cubeide_1.18.1/plugins/com.st.stm32cube.ide.mcu.externaltools.gnu-tools-for-stm32.13.3.rel1.linux64_1.0.0.202410170706/tools/bin/../lib/gcc/arm-none-eabi/13.3.1/thumb/v7e-m+fp/hard/libgcc.a(_arm_muldivdf3.o)
 .ARM.attributes
                0x000002c3       0x22 /opt/st/stm32cubeide_1.18.1/plugins/com.st.stm32cube.ide.mcu.externaltools.gnu-tools-for-stm32.13.3.rel1.linux64_1.0.0.202410170706/tools/bin/../lib/gcc/arm-none-eabi/13.3.1/thumb/v7e-m+fp/hard/libgcc.a(_arm_fixunsdfsi.o)
 .ARM.attributes
                0x000002e5       0x22 /opt/st/stm32cubeide_1.18.1/plugins/com.st.stm32cube.ide.mcu.externaltools.gnu-tools-for-stm32.13.3.rel1.linux64_1.0.0.202410170706/tools/bin/../lib/gcc/arm-none-eabi/13.3.1/thumb/v7e-m+fp/hard/crtn.o
OUTPUT(BootLoader.elf elf32-littlearm)
LOAD linker stubs
LOAD /opt/st/stm32cubeide_1.18.1/plugins/com.st.stm32cube.ide.mcu.externaltools.gnu-tools-for-stm32.13.3.rel1.linux64_1.0.0.202410170706/tools/bin/../lib/gcc/arm-none-eabi/13.3.1/../../../../arm-none-eabi/lib/thumb/v7e-m+fp/hard/libc.a
LOAD /opt/st/stm32cubeide_1.18.1/plugins/com.st.stm32cube.ide.mcu.externaltools.gnu-tools-for-stm32.13.3.rel1.linux64_1.0.0.202410170706/tools/bin/../lib/gcc/arm-none-eabi/13.3.1/../../../../arm-none-eabi/lib/thumb/v7e-m+fp/hard/libm.a
LOAD /opt/st/stm32cubeide_1.18.1/plugins/com.st.stm32cube.ide.mcu.externaltools.gnu-tools-for-stm32.13.3.rel1.linux64_1.0.0.202410170706/tools/bin/../lib/gcc/arm-none-eabi/13.3.1/thumb/v7e-m+fp/hard/libgcc.a

.debug_info     0x00000000     0x1d3d
 .debug_info    0x00000000      0x209 ./APP/main.o
 .debug_info    0x00000209      0x1c7 ./MCAL/FPEC/FPEC_program.o
 .debug_info    0x000003d0      0x56f ./MCAL/GPIO/GPIO_program.o
 .debug_info    0x0000093f      0x4e1 ./MCAL/NVIC/NVIC_program.o
 .debug_info    0x00000e20      0x199 ./MCAL/RCC/RCC_program.o
 .debug_info    0x00000fb9      0x315 ./MCAL/SYSTICK/SYSTICK_program.o
 .debug_info    0x000012ce      0x1a3 ./MCAL/UART/UART_Lcfg.o
 .debug_info    0x00001471      0x812 ./MCAL/UART/UART_program.o
 .debug_info    0x00001c83       0x8a ./Startup/System_Init.o
 .debug_info    0x00001d0d       0x30 ./Startup/startup_stm32f401retx.o

.debug_abbrev   0x00000000      0x95b
 .debug_abbrev  0x00000000       0xe9 ./APP/main.o
 .debug_abbrev  0x000000e9       0xf4 ./MCAL/FPEC/FPEC_program.o
 .debug_abbrev  0x000001dd      0x113 ./MCAL/GPIO/GPIO_program.o
 .debug_abbrev  0x000002f0      0x16f ./MCAL/NVIC/NVIC_program.o
 .debug_abbrev  0x0000045f       0x9d ./MCAL/RCC/RCC_program.o
 .debug_abbrev  0x000004fc      0x15a ./MCAL/SYSTICK/SYSTICK_program.o
 .debug_abbrev  0x00000656       0xa1 ./MCAL/UART/UART_Lcfg.o
 .debug_abbrev  0x000006f7      0x1e7 ./MCAL/UART/UART_program.o
 .debug_abbrev  0x000008de       0x59 ./Startup/System_Init.o
 .debug_abbrev  0x00000937       0x24 ./Startup/startup_stm32f401retx.o

.debug_aranges  0x00000000      0x340
 .debug_aranges
                0x00000000       0x20 ./APP/main.o
 .debug_aranges
                0x00000020       0x48 ./MCAL/FPEC/FPEC_program.o
 .debug_aranges
                0x00000068       0x90 ./MCAL/GPIO/GPIO_program.o
 .debug_aranges
                0x000000f8       0x68 ./MCAL/NVIC/NVIC_program.o
 .debug_aranges
                0x00000160       0x70 ./MCAL/RCC/RCC_program.o
 .debug_aranges
                0x000001d0       0x88 ./MCAL/SYSTICK/SYSTICK_program.o
 .debug_aranges
                0x00000258       0x18 ./MCAL/UART/UART_Lcfg.o
 .debug_aranges
                0x00000270       0x88 ./MCAL/UART/UART_program.o
 .debug_aranges
                0x000002f8       0x20 ./Startup/System_Init.o
 .debug_aranges
                0x00000318       0x28 ./Startup/startup_stm32f401retx.o

.debug_rnglists
                0x00000000      0x24a
 .debug_rnglists
                0x00000000       0x13 ./APP/main.o
 .debug_rnglists
                0x00000013       0x32 ./MCAL/FPEC/FPEC_program.o
 .debug_rnglists
                0x00000045       0x76 ./MCAL/GPIO/GPIO_program.o
 .debug_rnglists
                0x000000bb       0x49 ./MCAL/NVIC/NVIC_program.o
 .debug_rnglists
                0x00000104       0x52 ./MCAL/RCC/RCC_program.o
 .debug_rnglists
                0x00000156       0x63 ./MCAL/SYSTICK/SYSTICK_program.o
 .debug_rnglists
                0x000001b9       0x65 ./MCAL/UART/UART_program.o
 .debug_rnglists
                0x0000021e       0x13 ./Startup/System_Init.o
 .debug_rnglists
                0x00000231       0x19 ./Startup/startup_stm32f401retx.o

.debug_macro    0x00000000      0x9bd
 .debug_macro   0x00000000       0xfb ./APP/main.o
 .debug_macro   0x000000fb       0x40 ./MCAL/FPEC/FPEC_program.o
 .debug_macro   0x0000013b       0x40 ./MCAL/FPEC/FPEC_program.o
 .debug_macro   0x0000017b       0x45 ./MCAL/GPIO/GPIO_program.o
 .debug_macro   0x000001c0      0x1f0 ./MCAL/GPIO/GPIO_program.o
 .debug_macro   0x000003b0       0x53 ./MCAL/NVIC/NVIC_program.o
 .debug_macro   0x00000403       0x22 ./MCAL/NVIC/NVIC_program.o
 .debug_macro   0x00000425       0x16 ./MCAL/NVIC/NVIC_program.o
 .debug_macro   0x0000043b       0x44 ./MCAL/RCC/RCC_program.o
 .debug_macro   0x0000047f      0x2b1 ./MCAL/RCC/RCC_program.o
 .debug_macro   0x00000730       0x3f ./MCAL/SYSTICK/SYSTICK_program.o
 .debug_macro   0x0000076f       0x22 ./MCAL/SYSTICK/SYSTICK_program.o
 .debug_macro   0x00000791       0x76 ./MCAL/SYSTICK/SYSTICK_program.o
 .debug_macro   0x00000807       0xbe ./MCAL/UART/UART_Lcfg.o
 .debug_macro   0x000008c5       0xb4 ./MCAL/UART/UART_program.o
 .debug_macro   0x00000979       0x44 ./Startup/System_Init.o

.debug_line     0x00000000     0x1f3d
 .debug_line    0x00000000      0x5c1 ./APP/main.o
 .debug_line    0x000005c1      0x1ae ./MCAL/FPEC/FPEC_program.o
 .debug_line    0x0000076f      0x4f4 ./MCAL/GPIO/GPIO_program.o
 .debug_line    0x00000c63      0x28f ./MCAL/NVIC/NVIC_program.o
 .debug_line    0x00000ef2      0x284 ./MCAL/RCC/RCC_program.o
 .debug_line    0x00001176      0x33e ./MCAL/SYSTICK/SYSTICK_program.o
 .debug_line    0x000014b4      0x258 ./MCAL/UART/UART_Lcfg.o
 .debug_line    0x0000170c      0x689 ./MCAL/UART/UART_program.o
 .debug_line    0x00001d95      0x12d ./Startup/System_Init.o
 .debug_line    0x00001ec2       0x7b ./Startup/startup_stm32f401retx.o

.debug_str      0x00000000     0x770e
 .debug_str     0x00000000     0x770e ./APP/main.o
                               0x40be (size before relaxing)
 .debug_str     0x0000770e     0x32f9 ./MCAL/FPEC/FPEC_program.o
 .debug_str     0x0000770e     0x487c ./MCAL/GPIO/GPIO_program.o
 .debug_str     0x0000770e     0x374b ./MCAL/NVIC/NVIC_program.o
 .debug_str     0x0000770e     0x43c9 ./MCAL/RCC/RCC_program.o
 .debug_str     0x0000770e     0x3611 ./MCAL/SYSTICK/SYSTICK_program.o
 .debug_str     0x0000770e     0x3f86 ./MCAL/UART/UART_Lcfg.o
 .debug_str     0x0000770e     0x4787 ./MCAL/UART/UART_program.o
 .debug_str     0x0000770e     0x335c ./Startup/System_Init.o
 .debug_str     0x0000770e       0x77 ./Startup/startup_stm32f401retx.o

.comment        0x00000000       0x43
 .comment       0x00000000       0x43 ./APP/main.o
                                 0x44 (size before relaxing)
 .comment       0x00000043       0x44 ./MCAL/FPEC/FPEC_program.o
 .comment       0x00000043       0x44 ./MCAL/GPIO/GPIO_program.o
 .comment       0x00000043       0x44 ./MCAL/NVIC/NVIC_program.o
 .comment       0x00000043       0x44 ./MCAL/RCC/RCC_program.o
 .comment       0x00000043       0x44 ./MCAL/SYSTICK/SYSTICK_program.o
 .comment       0x00000043       0x44 ./MCAL/UART/UART_Lcfg.o
 .comment       0x00000043       0x44 ./MCAL/UART/UART_program.o
 .comment       0x00000043       0x44 ./Startup/System_Init.o

.debug_frame    0x00000000      0xc04
 .debug_frame   0x00000000       0x2c ./APP/main.o
 .debug_frame   0x0000002c       0xe0 ./MCAL/FPEC/FPEC_program.o
 .debug_frame   0x0000010c      0x268 ./MCAL/GPIO/GPIO_program.o
 .debug_frame   0x00000374      0x190 ./MCAL/NVIC/NVIC_program.o
 .debug_frame   0x00000504      0x18c ./MCAL/RCC/RCC_program.o
 .debug_frame   0x00000690      0x210 ./MCAL/SYSTICK/SYSTICK_program.o
 .debug_frame   0x000008a0      0x1ec ./MCAL/UART/UART_program.o
 .debug_frame   0x00000a8c       0x2c ./Startup/System_Init.o
 .debug_frame   0x00000ab8       0x2c /opt/st/stm32cubeide_1.18.1/plugins/com.st.stm32cube.ide.mcu.externaltools.gnu-tools-for-stm32.13.3.rel1.linux64_1.0.0.202410170706/tools/bin/../lib/gcc/arm-none-eabi/13.3.1/../../../../arm-none-eabi/lib/thumb/v7e-m+fp/hard/libc_nano.a(libc_a-init.o)
 .debug_frame   0x00000ae4       0xac /opt/st/stm32cubeide_1.18.1/plugins/com.st.stm32cube.ide.mcu.externaltools.gnu-tools-for-stm32.13.3.rel1.linux64_1.0.0.202410170706/tools/bin/../lib/gcc/arm-none-eabi/13.3.1/thumb/v7e-m+fp/hard/libgcc.a(_arm_addsubdf3.o)
 .debug_frame   0x00000b90       0x50 /opt/st/stm32cubeide_1.18.1/plugins/com.st.stm32cube.ide.mcu.externaltools.gnu-tools-for-stm32.13.3.rel1.linux64_1.0.0.202410170706/tools/bin/../lib/gcc/arm-none-eabi/13.3.1/thumb/v7e-m+fp/hard/libgcc.a(_arm_muldivdf3.o)
 .debug_frame   0x00000be0       0x24 /opt/st/stm32cubeide_1.18.1/plugins/com.st.stm32cube.ide.mcu.externaltools.gnu-tools-for-stm32.13.3.rel1.linux64_1.0.0.202410170706/tools/bin/../lib/gcc/arm-none-eabi/13.3.1/thumb/v7e-m+fp/hard/libgcc.a(_arm_fixunsdfsi.o)

.debug_line_str
                0x00000000       0x5b
 .debug_line_str
                0x00000000       0x5b ./Startup/startup_stm32f401retx.o
