../MCAL/GPIO/GPIO_program.c:10:6:GPIO_voidSetPinMode	16	static
../MCAL/GPIO/GPIO_program.c:47:6:GPIO_voidSetPinOutputMode	16	static
../MCAL/GPIO/GPIO_program.c:79:6:GPIO_voidSetPinAlternateFunction	16	static
../MCAL/GPIO/GPIO_program.c:158:6:GPIO_voidSetPinOutputSpeed	16	static
../MCAL/GPIO/GPIO_program.c:200:6:GPIO_voidSetPinValue	16	static
../MCAL/GPIO/GPIO_program.c:256:6:GPIO_voidSetPinPullUpDownResistor	16	static
../MCAL/GPIO/GPIO_program.c:294:4:GPIO_u8GetPinValue	24	static
../MCAL/GPIO/GPIO_program.c:321:6:GPIO_voidLockPin	24	static
../MCAL/GPIO/GPIO_program.c:365:6:GPIO_voidSetPortMode	16	static
../MCAL/GPIO/GPIO_program.c:389:6:GPIO_voidSetPortOutputMode	16	static
../MCAL/GPIO/GPIO_program.c:414:6:GPIO_voidSetPortOutputSpeed	16	static
../MCAL/GPIO/GPIO_program.c:439:6:GPIO_voidSetPortValue	16	static
../MCAL/GPIO/GPIO_program.c:494:6:GPIO_voidSetPortPullUpDownResistor	16	static
../MCAL/GPIO/GPIO_program.c:519:5:GPIO_u32GetPortValue	24	static
../MCAL/GPIO/GPIO_program.c:546:6:GPIO_voidLockPort	24	static
